Component: ARM Compiler 6.16 Tool: armlink [5dfeaa00]

==============================================================================

Section Cross References

    main.o(.text.main) refers to helperv2.o(.text.log_info) for log_info
    main.o(.text.main) refers to system_stm32f4xx.o(.text.SystemCoreClockUpdate) for SystemCoreClockUpdate
    main.o(.text.main) refers to blinking.o(.text.blink_init) for blink_init
    main.o(.text.main) refers to i2c.o(.text.I2C3_Init) for I2C3_Init
    main.o(.text.main) refers to mpu9250.o(.text.MPU9250_beginAccel) for MPU9250_beginAccel
    main.o(.text.main) refers to main.o(.bss.usb_device) for usb_device
    main.o(.text.main) refers to main.o(.bss.buffer) for buffer
    main.o(.text.main) refers to usbd_framework.o(.text.usbd_initialize) for usbd_initialize
    main.o(.text.main) refers to usbd_framework.o(.text.usbd_poll) for usbd_poll
    main.o(.ARM.exidx.text.main) refers to main.o(.text.main) for [Anonymous Symbol]
    helperv2.o(.text) refers (Special) to _printf_hex_int.o(.text) for _printf_longlong_hex
    helperv2.o(.text) refers (Special) to _printf_percent.o(.ARM.Collect$$_printf_percent$$00000000) for _printf_percent
    helperv2.o(.text) refers (Special) to _printf_pad.o(.text) for _printf_pre_padding
    helperv2.o(.text) refers (Special) to _printf_x.o(.ARM.Collect$$_printf_percent$$0000000C) for _printf_x
    helperv2.o(.text.fputc) refers (Special) to _printf_hex_int.o(.text) for _printf_longlong_hex
    helperv2.o(.text.fputc) refers (Special) to _printf_percent.o(.ARM.Collect$$_printf_percent$$00000000) for _printf_percent
    helperv2.o(.text.fputc) refers (Special) to _printf_pad.o(.text) for _printf_pre_padding
    helperv2.o(.text.fputc) refers (Special) to _printf_x.o(.ARM.Collect$$_printf_percent$$0000000C) for _printf_x
    helperv2.o(.text.fputc) refers to helperv2.o(.text.ITM_SendChar) for ITM_SendChar
    helperv2.o(.ARM.exidx.text.fputc) refers (Special) to _printf_hex_int.o(.text) for _printf_longlong_hex
    helperv2.o(.ARM.exidx.text.fputc) refers (Special) to _printf_percent.o(.ARM.Collect$$_printf_percent$$00000000) for _printf_percent
    helperv2.o(.ARM.exidx.text.fputc) refers (Special) to _printf_pad.o(.text) for _printf_pre_padding
    helperv2.o(.ARM.exidx.text.fputc) refers (Special) to _printf_x.o(.ARM.Collect$$_printf_percent$$0000000C) for _printf_x
    helperv2.o(.ARM.exidx.text.fputc) refers to helperv2.o(.text.fputc) for [Anonymous Symbol]
    helperv2.o(.text.ITM_SendChar) refers (Special) to _printf_hex_int.o(.text) for _printf_longlong_hex
    helperv2.o(.text.ITM_SendChar) refers (Special) to _printf_percent.o(.ARM.Collect$$_printf_percent$$00000000) for _printf_percent
    helperv2.o(.text.ITM_SendChar) refers (Special) to _printf_pad.o(.text) for _printf_pre_padding
    helperv2.o(.text.ITM_SendChar) refers (Special) to _printf_x.o(.ARM.Collect$$_printf_percent$$0000000C) for _printf_x
    helperv2.o(.ARM.exidx.text.ITM_SendChar) refers (Special) to _printf_hex_int.o(.text) for _printf_longlong_hex
    helperv2.o(.ARM.exidx.text.ITM_SendChar) refers (Special) to _printf_percent.o(.ARM.Collect$$_printf_percent$$00000000) for _printf_percent
    helperv2.o(.ARM.exidx.text.ITM_SendChar) refers (Special) to _printf_pad.o(.text) for _printf_pre_padding
    helperv2.o(.ARM.exidx.text.ITM_SendChar) refers (Special) to _printf_x.o(.ARM.Collect$$_printf_percent$$0000000C) for _printf_x
    helperv2.o(.ARM.exidx.text.ITM_SendChar) refers to helperv2.o(.text.ITM_SendChar) for [Anonymous Symbol]
    helperv2.o(.text.log_error) refers (Special) to _printf_hex_int.o(.text) for _printf_longlong_hex
    helperv2.o(.text.log_error) refers (Special) to _printf_percent.o(.ARM.Collect$$_printf_percent$$00000000) for _printf_percent
    helperv2.o(.text.log_error) refers (Special) to _printf_pad.o(.text) for _printf_pre_padding
    helperv2.o(.text.log_error) refers (Special) to _printf_x.o(.ARM.Collect$$_printf_percent$$0000000C) for _printf_x
    helperv2.o(.text.log_error) refers to noretval__2printf.o(.text) for __2printf
    helperv2.o(.text.log_error) refers to puts.o(.text) for puts
    helperv2.o(.ARM.exidx.text.log_error) refers (Special) to _printf_hex_int.o(.text) for _printf_longlong_hex
    helperv2.o(.ARM.exidx.text.log_error) refers (Special) to _printf_percent.o(.ARM.Collect$$_printf_percent$$00000000) for _printf_percent
    helperv2.o(.ARM.exidx.text.log_error) refers (Special) to _printf_pad.o(.text) for _printf_pre_padding
    helperv2.o(.ARM.exidx.text.log_error) refers (Special) to _printf_x.o(.ARM.Collect$$_printf_percent$$0000000C) for _printf_x
    helperv2.o(.ARM.exidx.text.log_error) refers to helperv2.o(.text.log_error) for [Anonymous Symbol]
    helperv2.o(.text.log_info) refers (Special) to _printf_hex_int.o(.text) for _printf_longlong_hex
[...]
    .ARM.Collect$$libshutdown$$0000000C      0x08000250   Section        0  libshutdown2.o(.ARM.Collect$$libshutdown$$0000000C)
    .ARM.Collect$$libshutdown$$0000000F      0x08000250   Section        0  libshutdown2.o(.ARM.Collect$$libshutdown$$0000000F)
    .ARM.Collect$$libshutdown$$00000010      0x08000250   Section        2  libshutdown2.o(.ARM.Collect$$libshutdown$$00000010)
    .ARM.Collect$$rtentry$$00000000          0x08000252   Section        0  __rtentry.o(.ARM.Collect$$rtentry$$00000000)
    .ARM.Collect$$rtentry$$00000002          0x08000252   Section        0  __rtentry2.o(.ARM.Collect$$rtentry$$00000002)
    .ARM.Collect$$rtentry$$00000004          0x08000252   Section        6  __rtentry4.o(.ARM.Collect$$rtentry$$00000004)
    .ARM.Collect$$rtentry$$00000009          0x08000258   Section        0  __rtentry2.o(.ARM.Collect$$rtentry$$00000009)
    .ARM.Collect$$rtentry$$0000000A          0x08000258   Section        4  __rtentry2.o(.ARM.Collect$$rtentry$$0000000A)
    .ARM.Collect$$rtentry$$0000000C          0x0800025c   Section        0  __rtentry2.o(.ARM.Collect$$rtentry$$0000000C)
    .ARM.Collect$$rtentry$$0000000D          0x0800025c   Section        8  __rtentry2.o(.ARM.Collect$$rtentry$$0000000D)
    .ARM.Collect$$rtexit$$00000000           0x08000264   Section        2  rtexit.o(.ARM.Collect$$rtexit$$00000000)
    .ARM.Collect$$rtexit$$00000002           0x08000266   Section        0  rtexit2.o(.ARM.Collect$$rtexit$$00000002)
    .ARM.Collect$$rtexit$$00000003           0x08000266   Section        4  rtexit2.o(.ARM.Collect$$rtexit$$00000003)
    .ARM.Collect$$rtexit$$00000004           0x0800026a   Section        6  rtexit2.o(.ARM.Collect$$rtexit$$00000004)
    $v0                                      0x08000270   Number         0  startup_stm32f429xx.o(.text)
    .text                                    0x08000270   Section       64  startup_stm32f429xx.o(.text)
    .text                                    0x080002b0   Section      240  lludivv7m.o(.text)
    .text                                    0x080003a0   Section        0  noretval__2printf.o(.text)
    .text                                    0x080003b8   Section        0  noretval__2sprintf.o(.text)
    .text                                    0x080003e0   Section        0  _printf_pad.o(.text)
    .text                                    0x08000430   Section        0  _printf_dec.o(.text)
    .text                                    0x080004a8   Section        0  _printf_hex_int.o(.text)
    .text                                    0x08000500   Section        0  __printf_flags_wp.o(.text)
    .text                                    0x08000638   Section        0  puts.o(.text)
    .text                                    0x08000664   Section        0  heapauxi.o(.text)
    .text                                    0x0800066a   Section        0  _rserrno.o(.text)
    .text                                    0x08000680   Section        0  _printf_intcommon.o(.text)
    _fp_digits                               0x08000733   Thumb Code   432  _printf_fp_dec.o(.text)
    .text                                    0x08000732   Section        0  _printf_fp_dec.o(.text)
    _printf_input_char                       0x08000b51   Thumb Code    10  _printf_char_common.o(.text)
    .text                                    0x08000b50   Section        0  _printf_char_common.o(.text)
    .text                                    0x08000b80   Section        0  _sputc.o(.text)
    .text                                    0x08000b8c   Section        0  _printf_char_file.o(.text)
    .text                                    0x08000bb0   Section        8  rt_locale_intlibspace.o(.text)
    .text                                    0x08000bb8   Section        8  rt_errno_addr_intlibspace.o(.text)
    .text                                    0x08000bc0   Section      138  lludiv10.o(.text)
    .text                                    0x08000c4c   Section        0  _printf_fp_infnan.o(.text)
    .text                                    0x08000ccc   Section        0  bigflt0.o(.text)
    .text                                    0x08000db0   Section        0  ferror.o(.text)
    .text                                    0x08000db8   Section        8  libspace.o(.text)
    .text                                    0x08000dc0   Section       74  sys_stackheap_outer.o(.text)
    .text                                    0x08000e0a   Section        0  exit.o(.text)
    .text                                    0x08000e20   Section      124  strcmpv7em.o(.text)
    .text                                    0x08000e9c   Section        0  sys_exit.o(.text)
    .text                                    0x08000ea8   Section        2  use_no_semi.o(.text)
    .text                                    0x08000eaa   Section        0  indicate_semi.o(.text)
    FIFO                                     0x08000ead   Thumb Code    14  usbd_driver.o(.text.FIFO)
    [Anonymous Symbol]                       0x08000eac   Section        0  usbd_driver.o(.text.FIFO)
    [Anonymous Symbol]                       0x08000ebc   Section        0  i2c.o(.text.I2C3_Init)
    IN_ENDPOINT                              0x08000f69   Thumb Code    14  usbd_driver.o(.text.IN_ENDPOINT)
    [Anonymous Symbol]                       0x08000f68   Section        0  usbd_driver.o(.text.IN_ENDPOINT)
    ITM_SendChar                             0x08000f79   Thumb Code    44  helperv2.o(.text.ITM_SendChar)
    [Anonymous Symbol]                       0x08000f78   Section        0  helperv2.o(.text.ITM_SendChar)
    [Anonymous Symbol]                       0x08000fa8   Section        0  mpu9250.o(.text.MPU9250_accelGet)
    [Anonymous Symbol]                       0x08001008   Section        0  mpu9250.o(.text.MPU9250_accelUpdate)
    [Anonymous Symbol]                       0x08001054   Section        0  mpu9250.o(.text.MPU9250_accelX)
    [Anonymous Symbol]                       0x08001060   Section        0  mpu9250.o(.text.MPU9250_accelY)
    [Anonymous Symbol]                       0x0800106c   Section        0  mpu9250.o(.text.MPU9250_accelZ)
    [Anonymous Symbol]                       0x08001078   Section        0  mpu9250.o(.text.MPU9250_beginAccel)
    OUT_ENDPOINT                             0x080010b1   Thumb Code    14  usbd_driver.o(.text.OUT_ENDPOINT)
    [Anonymous Symbol]                       0x080010b0   Section        0  usbd_driver.o(.text.OUT_ENDPOINT)
    [Anonymous Symbol]                       0x080010c0   Section        0  blinking.o(.text.SysTick_Handler)
    [Anonymous Symbol]                       0x08001100   Section        0  system_stm32f4xx.o(.text.SystemCoreClockUpdate)
    [Anonymous Symbol]                       0x08001180   Section        0  system_stm32f4xx.o(.text.SystemInit)
    [Anonymous Symbol]                       0x080011a4   Section        0  blinking.o(.text.blink_init)
    configure_clock                          0x080011e9   Thumb Code   120  system_stm32f4xx.o(.text.configure_clock)
    [Anonymous Symbol]                       0x080011e8   Section        0  system_stm32f4xx.o(.text.configure_clock)
    configure_endpoint0                      0x08001261   Thumb Code    76  usbd_driver.o(.text.configure_endpoint0)
    [Anonymous Symbol]                       0x08001260   Section        0  usbd_driver.o(.text.configure_endpoint0)
    configure_in_endpoint                    0x080012ad   Thumb Code    84  usbd_driver.o(.text.configure_in_endpoint)
    [Anonymous Symbol]                       0x080012ac   Section        0  usbd_driver.o(.text.configure_in_endpoint)
    [Anonymous Symbol]                       0x08001300   Section        0  system_stm32f4xx.o(.text.configure_mco1)
    configure_rxfifo_size                    0x08001339   Thumb Code    24  usbd_driver.o(.text.configure_rxfifo_size)
    [Anonymous Symbol]                       0x08001338   Section        0  usbd_driver.o(.text.configure_rxfifo_size)
    configure_txfifo_size                    0x08001351   Thumb Code    52  usbd_driver.o(.text.configure_txfifo_size)
    [Anonymous Symbol]                       0x08001350   Section        0  usbd_driver.o(.text.configure_txfifo_size)
    connect                                  0x08001385   Thumb Code    32  usbd_driver.o(.text.connect)
    [Anonymous Symbol]                       0x08001384   Section        0  usbd_driver.o(.text.connect)
    deconfigure_endpoint                     0x080013a5   Thumb Code   120  usbd_driver.o(.text.deconfigure_endpoint)
    [Anonymous Symbol]                       0x080013a4   Section        0  usbd_driver.o(.text.deconfigure_endpoint)
    disconnect                               0x0800141d   Thumb Code    32  usbd_driver.o(.text.disconnect)
    [Anonymous Symbol]                       0x0800141c   Section        0  usbd_driver.o(.text.disconnect)
    enumdne_handler                          0x0800143d   Thumb Code    16  usbd_driver.o(.text.enumdne_handler)
    [Anonymous Symbol]                       0x0800143c   Section        0  usbd_driver.o(.text.enumdne_handler)
    flush_rxfifo                             0x08001471   Thumb Code    16  usbd_driver.o(.text.flush_rxfifo)
    [Anonymous Symbol]                       0x08001470   Section        0  usbd_driver.o(.text.flush_rxfifo)
    flush_txfifo                             0x08001481   Thumb Code    24  usbd_driver.o(.text.flush_txfifo)
    [Anonymous Symbol]                       0x08001480   Section        0  usbd_driver.o(.text.flush_txfifo)
    [Anonymous Symbol]                       0x08001498   Section        0  helperv2.o(.text.fputc)
    gintsts_handler                          0x080014a5   Thumb Code   112  usbd_driver.o(.text.gintsts_handler)
    [Anonymous Symbol]                       0x080014a4   Section        0  usbd_driver.o(.text.gintsts_handler)
    [Anonymous Symbol]                       0x08001514   Section        0  i2c.o(.text.i2c_readByte)
    [Anonymous Symbol]                       0x080015c0   Section        0  i2c.o(.text.i2c_writeByte)
    iepint_handler                           0x08001631   Thumb Code    70  usbd_driver.o(.text.iepint_handler)
    [Anonymous Symbol]                       0x08001630   Section        0  usbd_driver.o(.text.iepint_handler)
    in_transfer_completed_handler            0x08001679   Thumb Code    76  usbd_framework.o(.text.in_transfer_completed_handler)
    [Anonymous Symbol]                       0x08001678   Section        0  usbd_framework.o(.text.in_transfer_completed_handler)
    initialize_core                          0x080016e9   Thumb Code   118  usbd_driver.o(.text.initialize_core)
    [Anonymous Symbol]                       0x080016e8   Section        0  usbd_driver.o(.text.initialize_core)
    initialize_gpio_pins                     0x08001761   Thumb Code    46  usbd_driver.o(.text.initialize_gpio_pins)
    [Anonymous Symbol]                       0x08001760   Section        0  usbd_driver.o(.text.initialize_gpio_pins)
    [Anonymous Symbol]                       0x08001790   Section        0  helperv2.o(.text.log_debug)
    [Anonymous Symbol]                       0x080017b8   Section        0  helperv2.o(.text.log_debug_array)
    [Anonymous Symbol]                       0x08001824   Section        0  helperv2.o(.text.log_info)
    [Anonymous Symbol]                       0x0800184c   Section        0  main.o(.text.main)
    oepint_handler                           0x0800189d   Thumb Code    76  usbd_driver.o(.text.oepint_handler)
    [Anonymous Symbol]                       0x0800189c   Section        0  usbd_driver.o(.text.oepint_handler)
    out_transfer_completed_handler           0x080018e9   Thumb Code     2  usbd_framework.o(.text.out_transfer_completed_handler)
    [Anonymous Symbol]                       0x080018e8   Section        0  usbd_framework.o(.text.out_transfer_completed_handler)
    process_class_interface_request          0x080018ed   Thumb Code    42  usbd_framework.o(.text.process_class_interface_request)
    [Anonymous Symbol]                       0x080018ec   Section        0  usbd_framework.o(.text.process_class_interface_request)
    process_control_transfer_stage           0x08001919   Thumb Code   216  usbd_framework.o(.text.process_control_transfer_stage)
    [Anonymous Symbol]                       0x08001918   Section        0  usbd_framework.o(.text.process_control_transfer_stage)
    process_request                          0x08001a5d   Thumb Code    52  usbd_framework.o(.text.process_request)
    [Anonymous Symbol]                       0x08001a5c   Section        0  usbd_framework.o(.text.process_request)
    process_standard_device_request          0x08001a91   Thumb Code   236  usbd_framework.o(.text.process_standard_device_request)
    [Anonymous Symbol]                       0x08001a90   Section        0  usbd_framework.o(.text.process_standard_device_request)
    process_standard_interface_request       0x08001c01   Thumb Code    62  usbd_framework.o(.text.process_standard_interface_request)
    [Anonymous Symbol]                       0x08001c00   Section        0  usbd_framework.o(.text.process_standard_interface_request)
    read_packet                              0x08001c41   Thumb Code    64  usbd_driver.o(.text.read_packet)
    [Anonymous Symbol]                       0x08001c40   Section        0  usbd_driver.o(.text.read_packet)
    refresh_fifo_start_addresses             0x08001c81   Thumb Code    88  usbd_driver.o(.text.refresh_fifo_start_addresses)
    [Anonymous Symbol]                       0x08001c80   Section        0  usbd_driver.o(.text.refresh_fifo_start_addresses)
    rxflvl_handler                           0x08001cd9   Thumb Code    64  usbd_driver.o(.text.rxflvl_handler)
    [Anonymous Symbol]                       0x08001cd8   Section        0  usbd_driver.o(.text.rxflvl_handler)
    set_device_address                       0x08001d19   Thumb Code    18  usbd_driver.o(.text.set_device_address)
    [Anonymous Symbol]                       0x08001d18   Section        0  usbd_driver.o(.text.set_device_address)
    setup_data_received_handler              0x08001d2d   Thumb Code    48  usbd_framework.o(.text.setup_data_received_handler)
    [Anonymous Symbol]                       0x08001d2c   Section        0  usbd_framework.o(.text.setup_data_received_handler)
    usb_polled_handler                       0x08001d6d   Thumb Code     8  usbd_framework.o(.text.usb_polled_handler)
    [Anonymous Symbol]                       0x08001d6c   Section        0  usbd_framework.o(.text.usb_polled_handler)
    usb_reset_received_handler               0x08001d75   Thumb Code    36  usbd_framework.o(.text.usb_reset_received_handler)
    [Anonymous Symbol]                       0x08001d74   Section        0  usbd_framework.o(.text.usb_reset_received_handler)
    [Anonymous Symbol]                       0x08001d98   Section        0  usbd_framework.o(.text.usbd_configure)
    [Anonymous Symbol]                       0x08001db8   Section        0  usbd_framework.o(.text.usbd_initialize)
    [Anonymous Symbol]                       0x08001ddc   Section        0  usbd_framework.o(.text.usbd_poll)
    usbrst_handler                           0x08001ded   Thumb Code    44  usbd_driver.o(.text.usbrst_handler)
    [Anonymous Symbol]                       0x08001dec   Section        0  usbd_driver.o(.text.usbrst_handler)
    write_mouse_report                       0x08001e39   Thumb Code   392  usbd_framework.o(.text.write_mouse_report)
    [Anonymous Symbol]                       0x08001e38   Section        0  usbd_framework.o(.text.write_mouse_report)
    write_packet                             0x08001fc1   Thumb Code    84  usbd_driver.o(.text.write_packet)
    [Anonymous Symbol]                       0x08001fc0   Section        0  usbd_driver.o(.text.write_packet)
    CL$$btod_d2e                             0x08002014   Section       62  btod.o(CL$$btod_d2e)
    CL$$btod_d2e_denorm_low                  0x08002052   Section       70  btod.o(CL$$btod_d2e_denorm_low)
    CL$$btod_d2e_norm_op1                    0x08002098   Section       96  btod.o(CL$$btod_d2e_norm_op1)
    CL$$btod_div_common                      0x080020f8   Section      824  btod.o(CL$$btod_div_common)
    CL$$btod_e2e                             0x08002430   Section      220  btod.o(CL$$btod_e2e)
    CL$$btod_ediv                            0x0800250c   Section       42  btod.o(CL$$btod_ediv)
    CL$$btod_emul                            0x08002536   Section       42  btod.o(CL$$btod_emul)
    CL$$btod_mult_common                     0x08002560   Section      580  btod.o(CL$$btod_mult_common)
    i.__ARM_fpclassify                       0x080027a4   Section        0  fpclassify.o(i.__ARM_fpclassify)
    i.__hardfp_atan                          0x080027d8   Section        0  atan.o(i.__hardfp_atan)
    i.__hardfp_atan2                         0x08002ab0   Section        0  atan2.o(i.__hardfp_atan2)
    i.__hardfp_sqrt                          0x08002cb0   Section        0  sqrt.o(i.__hardfp_sqrt)
    i.__kernel_poly                          0x08002d2a   Section        0  poly.o(i.__kernel_poly)
    i.__mathlib_dbl_infnan                   0x08002e22   Section        0  dunder.o(i.__mathlib_dbl_infnan)
    i.__mathlib_dbl_infnan2                  0x08002e36   Section        0  dunder.o(i.__mathlib_dbl_infnan2)
    i.__mathlib_dbl_underflow                0x08002e50   Section        0  dunder.o(i.__mathlib_dbl_underflow)
    i._is_digit                              0x08002e70   Section        0  __printf_wp.o(i._is_digit)
    i.atan                                   0x08002e7e   Section        0  atan.o(i.atan)
    i.fabs                                   0x08002e8e   Section        0  fabs.o(i.fabs)
    locale$$code                             0x08002ea8   Section       44  lc_numeric_c.o(locale$$code)
    $v0                                      0x08002ed4   Number         0  basic.o(x$fpl$basic)
    x$fpl$basic                              0x08002ed4   Section       24  basic.o(x$fpl$basic)
    $v0                                      0x08002eec   Number         0  d2f.o(x$fpl$d2f)
    x$fpl$d2f                                0x08002eec   Section       98  d2f.o(x$fpl$d2f)
    $v0                                      0x08002f50   Number         0  daddsub_clz.o(x$fpl$dadd)
    x$fpl$dadd                               0x08002f50   Section      336  daddsub_clz.o(x$fpl$dadd)
    _dadd1                                   0x08002f61   Thumb Code     0  daddsub_clz.o(x$fpl$dadd)
    $v0                                      0x080030a0   Number         0  dcmpi.o(x$fpl$dcmpinf)
    x$fpl$dcmpinf                            0x080030a0   Section       24  dcmpi.o(x$fpl$dcmpinf)
    $v0                                      0x080030b8   Number         0  ddiv.o(x$fpl$ddiv)
    x$fpl$ddiv                               0x080030b8   Section      692  ddiv.o(x$fpl$ddiv)
    ddiv_entry                               0x080030bf   Thumb Code     0  ddiv.o(x$fpl$ddiv)
    $v0                                      0x0800336c   Number         0  deqf.o(x$fpl$deqf)
    x$fpl$deqf                               0x0800336c   Section      120  deqf.o(x$fpl$deqf)
    $v0                                      0x080033e4   Number         0  dmul.o(x$fpl$dmul)
    x$fpl$dmul                               0x080033e4   Section      340  dmul.o(x$fpl$dmul)
    $v0                                      0x08003538   Number         0  dnaninf.o(x$fpl$dnaninf)
    x$fpl$dnaninf                            0x08003538   Section      156  dnaninf.o(x$fpl$dnaninf)
    $v0                                      0x080035d4   Number         0  dretinf.o(x$fpl$dretinf)
    x$fpl$dretinf                            0x080035d4   Section       12  dretinf.o(x$fpl$dretinf)
    $v0                                      0x080035e0   Number         0  daddsub_clz.o(x$fpl$drsb)
    x$fpl$drsb                               0x080035e0   Section       22  daddsub_clz.o(x$fpl$drsb)
    $v0                                      0x080035f8   Number         0  dsqrt_umaal.o(x$fpl$dsqrt)
    x$fpl$dsqrt                              0x080035f8   Section      408  dsqrt_umaal.o(x$fpl$dsqrt)
    $v0                                      0x08003790   Number         0  daddsub_clz.o(x$fpl$dsub)
    x$fpl$dsub                               0x08003790   Section      476  daddsub_clz.o(x$fpl$dsub)
    _dsub1                                   0x080037a1   Thumb Code     0  daddsub_clz.o(x$fpl$dsub)
    $v0                                      0x0800396c   Number         0  f2d.o(x$fpl$f2d)
    x$fpl$f2d                                0x0800396c   Section       86  f2d.o(x$fpl$f2d)
    $v0                                      0x080039c2   Number         0  fnaninf.o(x$fpl$fnaninf)
    x$fpl$fnaninf                            0x080039c2   Section      140  fnaninf.o(x$fpl$fnaninf)
    $v0                                      0x08003a4e   Number         0  fpinit.o(x$fpl$fpinit)
    x$fpl$fpinit                             0x08003a4e   Section       26  fpinit.o(x$fpl$fpinit)
    $v0                                      0x08003a68   Number         0  fretinf.o(x$fpl$fretinf)
    x$fpl$fretinf                            0x08003a68   Section       10  fretinf.o(x$fpl$fretinf)
    $v0                                      0x08003a72   Number         0  printf1.o(x$fpl$printf1)
    x$fpl$printf1                            0x08003a72   Section        4  printf1.o(x$fpl$printf1)
    uc_hextab                                0x08003a76   Data          20  _printf_hex_int.o(.constdata)
    .constdata                               0x08003a76   Section       40  _printf_hex_int.o(.constdata)
    x$fpl$usenofp                            0x08003a76   Section        0  usenofp.o(x$fpl$usenofp)
    lc_hextab                                0x08003a8a   Data          20  _printf_hex_int.o(.constdata)
    maptable                                 0x08003a9e   Data          17  __printf_flags_wp.o(.constdata)
    .constdata                               0x08003a9e   Section       17  __printf_flags_wp.o(.constdata)
    atanhi                                   0x08003ab0   Data          32  atan.o(.constdata)
    .constdata                               0x08003ab0   Section      152  atan.o(.constdata)
    atanlo                                   0x08003ad0   Data          32  atan.o(.constdata)
    aTodd                                    0x08003af0   Data          40  atan.o(.constdata)
    aTeven                                   0x08003b18   Data          48  atan.o(.constdata)
    .constdata                               0x08003b48   Section        8  qnan.o(.constdata)
    tenpwrs_x                                0x08003b50   Data          60  bigflt0.o(.constdata)
    .constdata                               0x08003b50   Section      148  bigflt0.o(.constdata)
    tenpwrs_i                                0x08003b8c   Data          64  bigflt0.o(.constdata)
    .Lswitch.table.MPU9250_beginAccel        0x08003c18   Data          32  mpu9250.o(.rodata.cst32)
    .Lswitch.table.MPU9250_beginGyro         0x08003c38   Data          32  mpu9250.o(.rodata.cst32)
    .L.str.4                                 0x08003c9a   Data          45  usbd_framework.o(.rodata.str1.1)
    [Anonymous Symbol]                       0x08003c9a   Section        0  usbd_framework.o(.rodata.str1.1)
    .L.str.15                                0x08003cc7   Data          41  usbd_framework.o(.rodata.str1.1)
    .L.str.17                                0x08003cf0   Data          43  usbd_framework.o(.rodata.str1.1)
    .L.str.7                                 0x08003d1b   Data          47  usbd_framework.o(.rodata.str1.1)
    .L.str.10                                0x08003d4a   Data          39  usbd_framework.o(.rodata.str1.1)
    .L.str.1                                 0x08003d71   Data          42  usbd_framework.o(.rodata.str1.1)
    .L.str.3                                 0x08003d9b   Data          25  usbd_framework.o(.rodata.str1.1)
    .L.str.5                                 0x08003db4   Data          32  usbd_framework.o(.rodata.str1.1)
    locale$$data                             0x08003e20   Section       28  lc_numeric_c.o(locale$$data)
    __lcnum_c_name                           0x08003e24   Data           2  lc_numeric_c.o(locale$$data)
    __lcnum_c_start                          0x08003e2c   Data           0  lc_numeric_c.o(locale$$data)
    __lcnum_c_point                          0x08003e38   Data           0  lc_numeric_c.o(locale$$data)
    __lcnum_c_thousands                      0x08003e3a   Data           0  lc_numeric_c.o(locale$$data)
    __lcnum_c_grouping                       0x08003e3b   Data           0  lc_numeric_c.o(locale$$data)
    __lcnum_c_end                            0x08003e3c   Data           0  lc_numeric_c.o(locale$$data)
    .bss                                     0x20000020   Section       96  libspace.o(.bss)
    usbd_handle                              0x20000124   Data           4  usbd_framework.o(.bss.usbd_handle)
    [Anonymous Symbol]                       0x20000124   Section        0  usbd_framework.o(.bss.usbd_handle)
    Heap_Mem                                 0x20000130   Data         512  startup_stm32f429xx.o(HEAP)
    HEAP                                     0x20000130   Section      512  startup_stm32f429xx.o(HEAP)
    Stack_Mem                                0x20000330   Data        1024  startup_stm32f429xx.o(STACK)
    STACK                                    0x20000330   Section     1024  startup_stm32f429xx.o(STACK)
    __initial_sp                             0x20000730   Data           0  startup_stm32f429xx.o(STACK)

    Global Symbols

    Symbol Name                              Value     Ov Type        Size  Object(Section)

    BuildAttributes$$THM_ISAv4$E$P$D$K$B$S$7EM$VFPi3$EXTD16$VFPS$VFMA$PE$A:L22UL41UL21$X:L11$S22US41US21$IEEE1$IW$~IW$USESV6$~STKCKD$USESV7$~SHL$OTIME$ROPI$IEEEX$EBA8$UX$STANDARDLIB$REQ8$PRES8$EABIv2 0x00000000   Number         0  anon$$obj.o ABSOLUTE
    _printf_flags                            0x00000000   Number         0  printf_stubs.o ABSOLUTE
    _printf_return_value                     0x00000000   Number         0  printf_stubs.o ABSOLUTE
    _printf_sizespec                         0x00000000   Number         0  printf_stubs.o ABSOLUTE
    _printf_widthprec                        0x00000000   Number         0  printf_stubs.o ABSOLUTE
    __ARM_exceptions_init                     - Undefined Weak Reference
    __alloca_initialize                       - Undefined Weak Reference
    __arm_preinit_                            - Undefined Weak Reference
    __cpp_initialize__aeabi_                  - Undefined Weak Reference
    __cxa_finalize                            - Undefined Weak Reference
    __sigvec_lookup                           - Undefined Weak Reference
    _atexit_init                              - Undefined Weak Reference
    _call_atexit_fns                          - Undefined Weak Reference
    _clock_init                               - Undefined Weak Reference
    _fp_trap_init                             - Undefined Weak Reference
    _fp_trap_shutdown                         - Undefined Weak Reference
    _get_lc_collate                           - Undefined Weak Reference
    _get_lc_ctype                             - Undefined Weak Reference
    _get_lc_monetary                          - Undefined Weak Reference
    _get_lc_time                              - Undefined Weak Reference
    _getenv_init                              - Undefined Weak Reference
    _handle_redirection                       - Undefined Weak Reference
    _init_alloc                               - Undefined Weak Reference
    _init_user_alloc                          - Undefined Weak Reference
    _initio                                   - Undefined Weak Reference
    _mutex_acquire                            - Undefined Weak Reference
    _mutex_release                            - Undefined Weak Reference
    _printf_truncate_signed                   - Undefined Weak Reference
    _printf_truncate_unsigned                 - Undefined Weak Reference
    _rand_init                                - Undefined Weak Reference
    _signal_finish                            - Undefined Weak Reference
    _signal_init                              - Undefined Weak Reference
    _terminate_alloc                          - Undefined Weak Reference
    _terminate_user_alloc                     - Undefined Weak Reference
    _terminateio                              - Undefined Weak Reference
    __Vectors_Size                           0x000001ac   Number         0  startup_stm32f429xx.o ABSOLUTE
    __Vectors                                0x08000000   Data           4  startup_stm32f429xx.o(RESET)
    __Vectors_End                            0x080001ac   Data           0  startup_stm32f429xx.o(RESET)
    __main                                   0x080001ad   Thumb Code     8  __main.o(!!!main)
    __scatterload                            0x080001b5   Thumb Code     0  __scatter.o(!!!scatter)
    __scatterload_rt2                        0x080001b5   Thumb Code    44  __scatter.o(!!!scatter)
    __scatterload_rt2_thumb_only             0x080001b5   Thumb Code     0  __scatter.o(!!!scatter)
    __scatterload_null                       0x080001c3   Thumb Code     0  __scatter.o(!!!scatter)
    __scatterload_copy                       0x080001e9   Thumb Code    26  __scatter_copy.o(!!handler_copy)
    __scatterload_zeroinit                   0x08000205   Thumb Code    28  __scatter_zi.o(!!handler_zi)
    _printf_f                                0x08000221   Thumb Code     0  _printf_f.o(.ARM.Collect$$_printf_percent$$00000003)
    _printf_percent                          0x08000221   Thumb Code     0  _printf_percent.o(.ARM.Collect$$_printf_percent$$00000000)
    _printf_u                                0x08000227   Thumb Code     0  _printf_u.o(.ARM.Collect$$_printf_percent$$0000000A)
    _printf_x                                0x0800022d   Thumb Code     0  _printf_x.o(.ARM.Collect$$_printf_percent$$0000000C)
    _printf_percent_end                      0x08000233   Thumb Code     0  _printf_percent_end.o(.ARM.Collect$$_printf_percent$$00000017)
    __rt_lib_init                            0x08000237   Thumb Code     0  libinit.o(.ARM.Collect$$libinit$$00000000)
    __rt_lib_init_fp_1                       0x08000239   Thumb Code     0  libinit2.o(.ARM.Collect$$libinit$$00000001)
    __rt_lib_init_heap_1                     0x0800023d   Thumb Code     0  libinit2.o(.ARM.Collect$$libinit$$0000000A)
    __rt_lib_init_lc_common                  0x0800023d   Thumb Code     0  libinit2.o(.ARM.Collect$$libinit$$0000000F)
    __rt_lib_init_preinit_1                  0x0800023d   Thumb Code     0  libinit2.o(.ARM.Collect$$libinit$$00000004)
    __rt_lib_init_rand_1                     0x0800023d   Thumb Code     0  libinit2.o(.ARM.Collect$$libinit$$0000000E)
    __rt_lib_init_user_alloc_1               0x0800023d   Thumb Code     0  libinit2.o(.ARM.Collect$$libinit$$0000000C)
    __rt_lib_init_lc_collate_1               0x08000243   Thumb Code     0  libinit2.o(.ARM.Collect$$libinit$$00000011)
    __rt_lib_init_lc_ctype_1                 0x08000243   Thumb Code     0  libinit2.o(.ARM.Collect$$libinit$$00000013)
    __rt_lib_init_lc_monetary_1              0x08000243   Thumb Code     0  libinit2.o(.ARM.Collect$$libinit$$00000015)
    __rt_lib_init_lc_numeric_2               0x08000243   Thumb Code     0  libinit2.o(.ARM.Collect$$libinit$$00000016)
    __rt_lib_init_alloca_1                   0x0800024d   Thumb Code     0  libinit2.o(.ARM.Collect$$libinit$$0000002E)
    __rt_lib_init_argv_1                     0x0800024d   Thumb Code     0  libinit2.o(.ARM.Collect$$libinit$$0000002C)
    __rt_lib_init_atexit_1                   0x0800024d   Thumb Code     0  libinit2.o(.ARM.Collect$$libinit$$0000001B)
    __rt_lib_init_clock_1                    0x0800024d   Thumb Code     0  libinit2.o(.ARM.Collect$$libinit$$00000021)
    __rt_lib_init_cpp_1                      0x0800024d   Thumb Code     0  libinit2.o(.ARM.Collect$$libinit$$00000032)
    __rt_lib_init_exceptions_1               0x0800024d   Thumb Code     0  libinit2.o(.ARM.Collect$$libinit$$00000030)
    __rt_lib_init_fp_trap_1                  0x0800024d   Thumb Code     0  libinit2.o(.ARM.Collect$$libinit$$0000001F)
    __rt_lib_init_getenv_1                   0x0800024d   Thumb Code     0  libinit2.o(.ARM.Collect$$libinit$$00000023)
    __rt_lib_init_lc_numeric_1               0x0800024d   Thumb Code     0  libinit2.o(.ARM.Collect$$libinit$$00000017)
    __rt_lib_init_lc_time_1                  0x0800024d   Thumb Code     0  libinit2.o(.ARM.Collect$$libinit$$00000019)
    __rt_lib_init_return                     0x0800024d   Thumb Code     0  libinit2.o(.ARM.Collect$$libinit$$00000033)
    __rt_lib_init_signal_1                   0x0800024d   Thumb Code     0  libinit2.o(.ARM.Collect$$libinit$$0000001D)
    __rt_lib_init_stdio_1                    0x0800024d   Thumb Code     0  libinit2.o(.ARM.Collect$$libinit$$00000025)
    __rt_lib_shutdown                        0x0800024f   Thumb Code     0  libshutdown.o(.ARM.Collect$$libshutdown$$00000000)
    __rt_lib_shutdown_cpp_1                  0x08000251   Thumb Code     0  libshutdown2.o(.ARM.Collect$$libshutdown$$00000002)
    __rt_lib_shutdown_fp_trap_1              0x08000251   Thumb Code     0  libshutdown2.o(.ARM.Collect$$libshutdown$$00000007)
    __rt_lib_shutdown_heap_1                 0x08000251   Thumb Code     0  libshutdown2.o(.ARM.Collect$$libshutdown$$0000000F)
    __rt_lib_shutdown_return                 0x08000251   Thumb Code     0  libshutdown2.o(.ARM.Collect$$libshutdown$$00000010)
    __rt_lib_shutdown_signal_1               0x08000251   Thumb Code     0  libshutdown2.o(.ARM.Collect$$libshutdown$$0000000A)
    __rt_lib_shutdown_stdio_1                0x08000251   Thumb Code     0  libshutdown2.o(.ARM.Collect$$libshutdown$$00000004)
    __rt_lib_shutdown_user_alloc_1           0x08000251   Thumb Code     0  libshutdown2.o(.ARM.Collect$$libshutdown$$0000000C)
    __rt_entry                               0x08000253   Thumb Code     0  __rtentry.o(.ARM.Collect$$rtentry$$00000000)
    __rt_entry_presh_1                       0x08000253   Thumb Code     0  __rtentry2.o(.ARM.Collect$$rtentry$$00000002)
    __rt_entry_sh                            0x08000253   Thumb Code     0  __rtentry4.o(.ARM.Collect$$rtentry$$00000004)
    __rt_entry_li                            0x08000259   Thumb Code     0  __rtentry2.o(.ARM.Collect$$rtentry$$0000000A)
    __rt_entry_postsh_1                      0x08000259   Thumb Code     0  __rtentry2.o(.ARM.Collect$$rtentry$$00000009)
    __rt_entry_main                          0x0800025d   Thumb Code     0  __rtentry2.o(.ARM.Collect$$rtentry$$0000000D)
    __rt_entry_postli_1                      0x0800025d   Thumb Code     0  __rtentry2.o(.ARM.Collect$$rtentry$$0000000C)
    __rt_exit                                0x08000265   Thumb Code     0  rtexit.o(.ARM.Collect$$rtexit$$00000000)
    __rt_exit_ls                             0x08000267   Thumb Code     0  rtexit2.o(.ARM.Collect$$rtexit$$00000003)
    __rt_exit_prels_1                        0x08000267   Thumb Code     0  rtexit2.o(.ARM.Collect$$rtexit$$00000002)
    __rt_exit_exit                           0x0800026b   Thumb Code     0  rtexit2.o(.ARM.Collect$$rtexit$$00000004)
    Reset_Handler                            0x08000271   Thumb Code     8  startup_stm32f429xx.o(.text)
    NMI_Handler                              0x08000279   Thumb Code     2  startup_stm32f429xx.o(.text)
    HardFault_Handler                        0x0800027b   Thumb Code     2  startup_stm32f429xx.o(.text)
    MemManage_Handler                        0x0800027d   Thumb Code     2  startup_stm32f429xx.o(.text)
    BusFault_Handler                         0x0800027f   Thumb Code     2  startup_stm32f429xx.o(.text)
    UsageFault_Handler                       0x08000281   Thumb Code     2  startup_stm32f429xx.o(.text)
    SVC_Handler                              0x08000283   Thumb Code     2  startup_stm32f429xx.o(.text)
    DebugMon_Handler                         0x08000285   Thumb Code     2  startup_stm32f429xx.o(.text)
    PendSV_Handler                           0x08000287   Thumb Code     2  startup_stm32f429xx.o(.text)
    ADC_IRQHandler                           0x0800028b   Thumb Code     0  startup_stm32f429xx.o(.text)
    CAN1_RX0_IRQHandler                      0x0800028b   Thumb Code     0  startup_stm32f429xx.o(.text)
    CAN1_RX1_IRQHandler                      0x0800028b   Thumb Code     0  startup_stm32f429xx.o(.text)
    CAN1_SCE_IRQHandler                      0x0800028b   Thumb Code     0  startup_stm32f429xx.o(.text)
    CAN1_TX_IRQHandler                       0x0800028b   Thumb Code     0  startup_stm32f429xx.o(.text)
    CAN2_RX0_IRQHandler                      0x0800028b   Thumb Code     0  startup_stm32f429xx.o(.text)
    CAN2_RX1_IRQHandler                      0x0800028b   Thumb Code     0  startup_stm32f429xx.o(.text)
    CAN2_SCE_IRQHandler                      0x0800028b   Thumb Code     0  startup_stm32f429xx.o(.text)
    CAN2_TX_IRQHandler                       0x0800028b   Thumb Code     0  startup_stm32f429xx.o(.text)
    DCMI_IRQHandler                          0x0800028b   Thumb Code     0  startup_stm32f429xx.o(.text)
    DMA1_Stream0_IRQHandler                  0x0800028b   Thumb Code     0  startup_stm32f429xx.o(.text)
    DMA1_Stream1_IRQHandler                  0x0800028b   Thumb Code     0  startup_stm32f429xx.o(.text)
    DMA1_Stream2_IRQHandler                  0x0800028b   Thumb Code     0  startup_stm32f429xx.o(.text)
    DMA1_Stream3_IRQHandler                  0x0800028b   Thumb Code     0  startup_stm32f429xx.o(.text)
    DMA1_Stream4_IRQHandler                  0x0800028b   Thumb Code     0  startup_stm32f429xx.o(.text)
    DMA1_Stream5_IRQHandler                  0x0800028b   Thumb Code     0  startup_stm32f429xx.o(.text)
    DMA1_Stream6_IRQHandler                  0x0800028b   Thumb Code     0  startup_stm32f429xx.o(.text)
    DMA1_Stream7_IRQHandler                  0x0800028b   Thumb Code     0  startup_stm32f429xx.o(.text)
    DMA2D_IRQHandler                         0x0800028b   Thumb Code     0  startup_stm32f429xx.o(.text)
    DMA2_Stream0_IRQHandler                  0x0800028b   Thumb Code     0  startup_stm32f429xx.o(.text)
    DMA2_Stream1_IRQHandler                  0x0800028b   Thumb Code     0  startup_stm32f429xx.o(.text)
    DMA2_Stream2_IRQHandler                  0x0800028b   Thumb Code     0  startup_stm32f429xx.o(.text)
    DMA2_Stream3_IRQHandler                  0x0800028b   Thumb Code     0  startup_stm32f429xx.o(.text)
    DMA2_Stream4_IRQHandler                  0x0800028b   Thumb Code     0  startup_stm32f429xx.o(.text)
    DMA2_Stream5_IRQHandler                  0x0800028b   Thumb Code     0  startup_stm32f429xx.o(.text)
    DMA2_Stream6_IRQHandler                  0x0800028b   Thumb Code     0  startup_stm32f429xx.o(.text)
    DMA2_Stream7_IRQHandler                  0x0800028b   Thumb Code     0  startup_stm32f429xx.o(.text)
    ETH_IRQHandler                           0x0800028b   Thumb Code     0  startup_stm32f429xx.o(.text)
    ETH_WKUP_IRQHandler                      0x0800028b   Thumb Code     0  startup_stm32f429xx.o(.text)
    EXTI0_IRQHandler                         0x0800028b   Thumb Code     0  startup_stm32f429xx.o(.text)
    EXTI15_10_IRQHandler                     0x0800028b   Thumb Code     0  startup_stm32f429xx.o(.text)
    EXTI1_IRQHandler                         0x0800028b   Thumb Code     0  startup_stm32f429xx.o(.text)
    EXTI2_IRQHandler                         0x0800028b   Thumb Code     0  startup_stm32f429xx.o(.text)
    EXTI3_IRQHandler                         0x0800028b   Thumb Code     0  startup_stm32f429xx.o(.text)
    EXTI4_IRQHandler                         0x0800028b   Thumb Code     0  startup_stm32f429xx.o(.text)
    EXTI9_5_IRQHandler                       0x0800028b   Thumb Code     0  startup_stm32f429xx.o(.text)
    FLASH_IRQHandler                         0x0800028b   Thumb Code     0  startup_stm32f429xx.o(.text)
    FMC_IRQHandler                           0x0800028b   Thumb Code     0  startup_stm32f429xx.o(.text)
    FPU_IRQHandler                           0x0800028b   Thumb Code     0  startup_stm32f429xx.o(.text)
    HASH_RNG_IRQHandler                      0x0800028b   Thumb Code     0  startup_stm32f429xx.o(.text)
    I2C1_ER_IRQHandler                       0x0800028b   Thumb Code     0  startup_stm32f429xx.o(.text)
    I2C1_EV_IRQHandler                       0x0800028b   Thumb Code     0  startup_stm32f429xx.o(.text)
    I2C2_ER_IRQHandler                       0x0800028b   Thumb Code     0  startup_stm32f429xx.o(.text)
    I2C2_EV_IRQHandler                       0x0800028b   Thumb Code     0  startup_stm32f429xx.o(.text)
    I2C3_ER_IRQHandler                       0x0800028b   Thumb Code     0  startup_stm32f429xx.o(.text)
    I2C3_EV_IRQHandler                       0x0800028b   Thumb Code     0  startup_stm32f429xx.o(.text)
    LTDC_ER_IRQHandler                       0x0800028b   Thumb Code     0  startup_stm32f429xx.o(.text)
    LTDC_IRQHandler                          0x0800028b   Thumb Code     0  startup_stm32f429xx.o(.text)
    OTG_FS_IRQHandler                        0x0800028b   Thumb Code     0  startup_stm32f429xx.o(.text)
    OTG_FS_WKUP_IRQHandler                   0x0800028b   Thumb Code     0  startup_stm32f429xx.o(.text)
    OTG_HS_EP1_IN_IRQHandler                 0x0800028b   Thumb Code     0  startup_stm32f429xx.o(.text)
    OTG_HS_EP1_OUT_IRQHandler                0x0800028b   Thumb Code     0  startup_stm32f429xx.o(.text)
    OTG_HS_IRQHandler                        0x0800028b   Thumb Code     0  startup_stm32f429xx.o(.text)
    OTG_HS_WKUP_IRQHandler                   0x0800028b   Thumb Code     0  startup_stm32f429xx.o(.text)
    PVD_IRQHandler                           0x0800028b   Thumb Code     0  startup_stm32f429xx.o(.text)
    RCC_IRQHandler                           0x0800028b   Thumb Code     0  startup_stm32f429xx.o(.text)
    RTC_Alarm_IRQHandler                     0x0800028b   Thumb Code     0  startup_stm32f429xx.o(.text)
    RTC_WKUP_IRQHandler                      0x0800028b   Thumb Code     0  startup_stm32f429xx.o(.text)
    SAI1_IRQHandler                          0x0800028b   Thumb Code     0  startup_stm32f429xx.o(.text)
    SDIO_IRQHandler                          0x0800028b   Thumb Code     0  startup_stm32f429xx.o(.text)
    SPI1_IRQHandler                          0x0800028b   Thumb Code     0  startup_stm32f429xx.o(.text)
    SPI2_IRQHandler                          0x0800028b   Thumb Code     0  startup_stm32f429xx.o(.text)
    SPI3_IRQHandler                          0x0800028b   Thumb Code     0  startup_stm32f429xx.o(.text)
    SPI4_IRQHandler                          0x0800028b   Thumb Code     0  startup_stm32f429xx.o(.text)
    SPI5_IRQHandler                          0x0800028b   Thumb Code     0  startup_stm32f429xx.o(.text)
    SPI6_IRQHandler                          0x0800028b   Thumb Code     0  startup_stm32f429xx.o(.text)
    TAMP_STAMP_IRQHandler                    0x0800028b   Thumb Code     0  startup_stm32f429xx.o(.text)
    TIM1_BRK_TIM9_IRQHandler                 0x0800028b   Thumb Code     0  startup_stm32f429xx.o(.text)
    TIM1_CC_IRQHandler                       0x0800028b   Thumb Code     0  startup_stm32f429xx.o(.text)
    TIM1_TRG_COM_TIM11_IRQHandler            0x0800028b   Thumb Code     0  startup_stm32f429xx.o(.text)
    TIM1_UP_TIM10_IRQHandler                 0x0800028b   Thumb Code     0  startup_stm32f429xx.o(.text)
    TIM2_IRQHandler                          0x0800028b   Thumb Code     0  startup_stm32f429xx.o(.text)
    TIM3_IRQHandler                          0x0800028b   Thumb Code     0  startup_stm32f429xx.o(.text)
    TIM4_IRQHandler                          0x0800028b   Thumb Code     0  startup_stm32f429xx.o(.text)
    TIM5_IRQHandler                          0x0800028b   Thumb Code     0  startup_stm32f429xx.o(.text)
    TIM6_DAC_IRQHandler                      0x0800028b   Thumb Code     0  startup_stm32f429xx.o(.text)
    TIM7_IRQHandler                          0x0800028b   Thumb Code     0  startup_stm32f429xx.o(.text)
    TIM8_BRK_TIM12_IRQHandler                0x0800028b   Thumb Code     0  startup_stm32f429xx.o(.text)
    TIM8_CC_IRQHandler                       0x0800028b   Thumb Code     0  startup_stm32f429xx.o(.text)
    TIM8_TRG_COM_TIM14_IRQHandler            0x0800028b   Thumb Code     0  startup_stm32f429xx.o(.text)
    TIM8_UP_TIM13_IRQHandler                 0x0800028b   Thumb Code     0  startup_stm32f429xx.o(.text)
    UART4_IRQHandler                         0x0800028b   Thumb Code     0  startup_stm32f429xx.o(.text)
    UART5_IRQHandler                         0x0800028b   Thumb Code     0  startup_stm32f429xx.o(.text)
    UART7_IRQHandler                         0x0800028b   Thumb Code     0  startup_stm32f429xx.o(.text)
    UART8_IRQHandler                         0x0800028b   Thumb Code     0  startup_stm32f429xx.o(.text)
    USART1_IRQHandler                        0x0800028b   Thumb Code     0  startup_stm32f429xx.o(.text)
    USART2_IRQHandler                        0x0800028b   Thumb Code     0  startup_stm32f429xx.o(.text)
    USART3_IRQHandler                        0x0800028b   Thumb Code     0  startup_stm32f429xx.o(.text)
    USART6_IRQHandler                        0x0800028b   Thumb Code     0  startup_stm32f429xx.o(.text)
    WWDG_IRQHandler                          0x0800028b   Thumb Code     0  startup_stm32f429xx.o(.text)
    __user_initial_stackheap                 0x0800028d   Thumb Code     0  startup_stm32f429xx.o(.text)
    __aeabi_uldivmod                         0x080002b1   Thumb Code     0  lludivv7m.o(.text)
    _ll_udiv                                 0x080002b1   Thumb Code   240  lludivv7m.o(.text)
    __2printf                                0x080003a1   Thumb Code    20  noretval__2printf.o(.text)
    __2sprintf                               0x080003b9   Thumb Code    34  noretval__2sprintf.o(.text)
    _printf_pre_padding                      0x080003e1   Thumb Code    44  _printf_pad.o(.text)
    _printf_post_padding                     0x0800040d   Thumb Code    34  _printf_pad.o(.text)
    _printf_int_dec                          0x08000431   Thumb Code   104  _printf_dec.o(.text)
    _printf_int_hex                          0x080004a9   Thumb Code    84  _printf_hex_int.o(.text)
    _printf_longlong_hex                     0x080004a9   Thumb Code     0  _printf_hex_int.o(.text)
    __printf                                 0x08000501   Thumb Code   308  __printf_flags_wp.o(.text)
    puts                                     0x08000639   Thumb Code    40  puts.o(.text)
    __use_two_region_memory                  0x08000665   Thumb Code     2  heapauxi.o(.text)
    __rt_heap_escrow$2region                 0x08000667   Thumb Code     2  heapauxi.o(.text)
    __rt_heap_expand$2region                 0x08000669   Thumb Code     2  heapauxi.o(.text)
    __read_errno                             0x0800066b   Thumb Code    10  _rserrno.o(.text)
    __set_errno                              0x08000675   Thumb Code    12  _rserrno.o(.text)
    _printf_int_common                       0x08000681   Thumb Code   178  _printf_intcommon.o(.text)
    _printf_fp_dec_real                      0x080008e3   Thumb Code   620  _printf_fp_dec.o(.text)
    _printf_char_common                      0x08000b5b   Thumb Code    32  _printf_char_common.o(.text)
    _sputc                                   0x08000b81   Thumb Code    10  _sputc.o(.text)
    _printf_char_file                        0x08000b8d   Thumb Code    32  _printf_char_file.o(.text)
    __rt_locale                              0x08000bb1   Thumb Code     8  rt_locale_intlibspace.o(.text)
    __aeabi_errno_addr                       0x08000bb9   Thumb Code     8  rt_errno_addr_intlibspace.o(.text)
    __errno$intlibspace                      0x08000bb9   Thumb Code     0  rt_errno_addr_intlibspace.o(.text)
    __rt_errno_addr$intlibspace              0x08000bb9   Thumb Code     0  rt_errno_addr_intlibspace.o(.text)
    _ll_udiv10                               0x08000bc1   Thumb Code   138  lludiv10.o(.text)
    _printf_fp_infnan                        0x08000c4d   Thumb Code   112  _printf_fp_infnan.o(.text)
    _btod_etento                             0x08000ccd   Thumb Code   224  bigflt0.o(.text)
    ferror                                   0x08000db1   Thumb Code     8  ferror.o(.text)
    __user_libspace                          0x08000db9   Thumb Code     8  libspace.o(.text)
    __user_perproc_libspace                  0x08000db9   Thumb Code     0  libspace.o(.text)
    __user_perthread_libspace                0x08000db9   Thumb Code     0  libspace.o(.text)
    __user_setup_stackheap                   0x08000dc1   Thumb Code    74  sys_stackheap_outer.o(.text)
    exit                                     0x08000e0b   Thumb Code    18  exit.o(.text)
    strcmp                                   0x08000e21   Thumb Code   124  strcmpv7em.o(.text)
    _sys_exit                                0x08000e9d   Thumb Code     8  sys_exit.o(.text)
    __I$use$semihosting                      0x08000ea9   Thumb Code     0  use_no_semi.o(.text)
    __use_no_semihosting_swi                 0x08000ea9   Thumb Code     2  use_no_semi.o(.text)
    __semihosting_library_function           0x08000eab   Thumb Code     0  indicate_semi.o(.text)
    I2C3_Init                                0x08000ebd   Thumb Code   172  i2c.o(.text.I2C3_Init)
    MPU9250_accelGet                         0x08000fa9   Thumb Code    96  mpu9250.o(.text.MPU9250_accelGet)
    MPU9250_accelUpdate                      0x08001009   Thumb Code    74  mpu9250.o(.text.MPU9250_accelUpdate)
    MPU9250_accelX                           0x08001055   Thumb Code    12  mpu9250.o(.text.MPU9250_accelX)
    MPU9250_accelY                           0x08001061   Thumb Code    12  mpu9250.o(.text.MPU9250_accelY)
    MPU9250_accelZ                           0x0800106d   Thumb Code    12  mpu9250.o(.text.MPU9250_accelZ)
    MPU9250_beginAccel                       0x08001079   Thumb Code    56  mpu9250.o(.text.MPU9250_beginAccel)
    SysTick_Handler                          0x080010c1   Thumb Code    64  blinking.o(.text.SysTick_Handler)
    SystemCoreClockUpdate                    0x08001101   Thumb Code   126  system_stm32f4xx.o(.text.SystemCoreClockUpdate)
    SystemInit                               0x08001181   Thumb Code    36  system_stm32f4xx.o(.text.SystemInit)
    blink_init                               0x080011a5   Thumb Code    68  blinking.o(.text.blink_init)
    configure_mco1                           0x08001301   Thumb Code    56  system_stm32f4xx.o(.text.configure_mco1)
    fputc                                    0x08001499   Thumb Code    12  helperv2.o(.text.fputc)
    i2c_readByte                             0x08001515   Thumb Code   172  i2c.o(.text.i2c_readByte)
    i2c_writeByte                            0x080015c1   Thumb Code   112  i2c.o(.text.i2c_writeByte)
    log_debug                                0x08001791   Thumb Code    24  helperv2.o(.text.log_debug)
    log_debug_array                          0x080017b9   Thumb Code    72  helperv2.o(.text.log_debug_array)
    log_info                                 0x08001825   Thumb Code    24  helperv2.o(.text.log_info)
    main                                     0x0800184d   Thumb Code    56  main.o(.text.main)
    usbd_configure                           0x08001d99   Thumb Code    32  usbd_framework.o(.text.usbd_configure)
    usbd_initialize                          0x08001db9   Thumb Code    34  usbd_framework.o(.text.usbd_initialize)
    usbd_poll                                0x08001ddd   Thumb Code    16  usbd_framework.o(.text.usbd_poll)
    _btod_d2e                                0x08002015   Thumb Code    62  btod.o(CL$$btod_d2e)
    _d2e_denorm_low                          0x08002053   Thumb Code    70  btod.o(CL$$btod_d2e_denorm_low)
    _d2e_norm_op1                            0x08002099   Thumb Code    96  btod.o(CL$$btod_d2e_norm_op1)
    __btod_div_common                        0x080020f9   Thumb Code   696  btod.o(CL$$btod_div_common)
    _e2e                                     0x08002431   Thumb Code   220  btod.o(CL$$btod_e2e)
    _btod_ediv                               0x0800250d   Thumb Code    42  btod.o(CL$$btod_ediv)
    _btod_emul                               0x08002537   Thumb Code    42  btod.o(CL$$btod_emul)
    __btod_mult_common                       0x08002561   Thumb Code   580  btod.o(CL$$btod_mult_common)
    __ARM_fpclassify                         0x080027a5   Thumb Code    48  fpclassify.o(i.__ARM_fpclassify)
    __hardfp_atan                            0x080027d9   Thumb Code   622  atan.o(i.__hardfp_atan)
    __hardfp_atan2                           0x08002ab1   Thumb Code   448  atan2.o(i.__hardfp_atan2)
    __hardfp_sqrt                            0x08002cb1   Thumb Code   122  sqrt.o(i.__hardfp_sqrt)
    __kernel_poly                            0x08002d2b   Thumb Code   248  poly.o(i.__kernel_poly)
    __mathlib_dbl_infnan                     0x08002e23   Thumb Code    20  dunder.o(i.__mathlib_dbl_infnan)
    __mathlib_dbl_infnan2                    0x08002e37   Thumb Code    20  dunder.o(i.__mathlib_dbl_infnan2)
    __mathlib_dbl_underflow                  0x08002e51   Thumb Code    24  dunder.o(i.__mathlib_dbl_underflow)
    _is_digit                                0x08002e71   Thumb Code    14  __printf_wp.o(i._is_digit)
    atan                                     0x08002e7f   Thumb Code    16  atan.o(i.atan)
    fabs                                     0x08002e8f   Thumb Code    24  fabs.o(i.fabs)
    _get_lc_numeric                          0x08002ea9   Thumb Code    44  lc_numeric_c.o(locale$$code)
    __aeabi_dneg                             0x08002ed5   Thumb Code     0  basic.o(x$fpl$basic)
    _dneg                                    0x08002ed5   Thumb Code     6  basic.o(x$fpl$basic)
    __aeabi_fneg                             0x08002edb   Thumb Code     0  basic.o(x$fpl$basic)
    _fneg                                    0x08002edb   Thumb Code     6  basic.o(x$fpl$basic)
    _dabs                                    0x08002ee1   Thumb Code     6  basic.o(x$fpl$basic)
    _fabs                                    0x08002ee7   Thumb Code     6  basic.o(x$fpl$basic)
    __aeabi_d2f                              0x08002eed   Thumb Code     0  d2f.o(x$fpl$d2f)
    _d2f                                     0x08002eed   Thumb Code    98  d2f.o(x$fpl$d2f)
    __aeabi_dadd                             0x08002f51   Thumb Code     0  daddsub_clz.o(x$fpl$dadd)
    _dadd                                    0x08002f51   Thumb Code   332  daddsub_clz.o(x$fpl$dadd)
    __fpl_dcmp_Inf                           0x080030a1   Thumb Code    24  dcmpi.o(x$fpl$dcmpinf)
    __aeabi_ddiv                             0x080030b9   Thumb Code     0  ddiv.o(x$fpl$ddiv)
    _ddiv                                    0x080030b9   Thumb Code   556  ddiv.o(x$fpl$ddiv)
    __aeabi_cdcmpeq                          0x0800336d   Thumb Code     0  deqf.o(x$fpl$deqf)
    _dcmpeq                                  0x0800336d   Thumb Code   120  deqf.o(x$fpl$deqf)
    __aeabi_dmul                             0x080033e5   Thumb Code     0  dmul.o(x$fpl$dmul)
    _dmul                                    0x080033e5   Thumb Code   332  dmul.o(x$fpl$dmul)
    __fpl_dnaninf                            0x08003539   Thumb Code   156  dnaninf.o(x$fpl$dnaninf)
    __fpl_dretinf                            0x080035d5   Thumb Code    12  dretinf.o(x$fpl$dretinf)
    __aeabi_drsub                            0x080035e1   Thumb Code     0  daddsub_clz.o(x$fpl$drsb)
    _drsb                                    0x080035e1   Thumb Code    22  daddsub_clz.o(x$fpl$drsb)
    _dsqrt                                   0x080035f9   Thumb Code   404  dsqrt_umaal.o(x$fpl$dsqrt)
    __aeabi_dsub                             0x08003791   Thumb Code     0  daddsub_clz.o(x$fpl$dsub)
    _dsub                                    0x08003791   Thumb Code   472  daddsub_clz.o(x$fpl$dsub)
    __aeabi_f2d                              0x0800396d   Thumb Code     0  f2d.o(x$fpl$f2d)
    _f2d                                     0x0800396d   Thumb Code    86  f2d.o(x$fpl$f2d)
    __fpl_fnaninf                            0x080039c3   Thumb Code   140  fnaninf.o(x$fpl$fnaninf)
    _fp_init                                 0x08003a4f   Thumb Code    26  fpinit.o(x$fpl$fpinit)
    __fplib_config_fpu_vfp                   0x08003a67   Thumb Code     0  fpinit.o(x$fpl$fpinit)
    __fplib_config_pureend_doubles           0x08003a67   Thumb Code     0  fpinit.o(x$fpl$fpinit)
    __fpl_fretinf                            0x08003a69   Thumb Code    10  fretinf.o(x$fpl$fretinf)
    _printf_fp_dec                           0x08003a73   Thumb Code     4  printf1.o(x$fpl$printf1)
    __I$use$fp                               0x08003a76   Number         0  usenofp.o(x$fpl$usenofp)
    __mathlib_zero                           0x08003b48   Data           8  qnan.o(.constdata)
    AHBPrescTable                            0x08003be4   Data          16  system_stm32f4xx.o(.rodata.AHBPrescTable)
    configuration_descriptor_combination     0x08003bf4   Data          36  usbd_framework.o(.rodata.configuration_descriptor_combination)
    device_descriptor                        0x08003c58   Data          18  usbd_framework.o(.rodata.device_descriptor)
    hid_report_descriptor                    0x08003c6a   Data          48  usbd_framework.o(.rodata.hid_report_descriptor)
    usb_driver                               0x08003dd4   Data          44  usbd_driver.o(.rodata.usb_driver)
    Region$$Table$$Base                      0x08003e00   Number         0  anon$$obj.o(Region$$Table)
    Region$$Table$$Limit                     0x08003e20   Number         0  anon$$obj.o(Region$$Table)
    SystemCoreClock                          0x20000000   Data           4  system_stm32f4xx.o(.data.SystemCoreClock)
    usb_events                               0x20000004   Data          24  usbd_framework.o(.data.usb_events)
    __libspace_start                         0x20000020   Data          96  libspace.o(.bss)
    __stdout                                 0x20000080   Data          84  helperv2.o(.bss.__stdout)
    __temporary_stack_top$libspace           0x20000080   Data           0  libspace.o(.bss)
    accelBuf                                 0x200000d4   Data           6  mpu9250.o(.bss.accelBuf)
    accelRange                               0x200000e0   Data           8  mpu9250.o(.bss.accelRange)
    buffer                                   0x200000e8   Data          32  main.o(.bss.buffer)
    pitch                                    0x20000108   Data           4  usbd_framework.o(.bss.pitch)
    roll                                     0x2000010c   Data           4  usbd_framework.o(.bss.roll)
    usb_device                               0x20000110   Data          20  main.o(.bss.usb_device)
    x                                        0x20000128   Data           8  blinking.o(.bss.x)



==============================================================================

Memory Map of the image

  Image Entry point : 0x080001ad

  Load Region LR_IROM1 (Base: 0x08000000, Size: 0x00003e60, Max: 0x00200000, ABSOLUTE)

    Execution Region ER_IROM1 (Exec base: 0x08000000, Load base: 0x08000000, Size: 0x00003e3c, Max: 0x00200000, ABSOLUTE)

    Exec Addr    Load Addr    Size         Type   Attr      Idx    E Section Name        Object

    0x08000000   0x08000000   0x000001ac   Data   RO          238    RESET               startup_stm32f429xx.o
    0x080001ac   0x080001ac   0x00000008   Code   RO          331  * !!!main             c_w.l(__main.o)
    0x080001b4   0x080001b4   0x00000034   Code   RO          662    !!!scatter          c_w.l(__scatter.o)
    0x080001e8   0x080001e8   0x0000001a   Code   RO          664    !!handler_copy      c_w.l(__scatter_copy.o)
    0x08000202   0x08000202   0x00000002   PAD
    0x08000204   0x08000204   0x0000001c   Code   RO          666    !!handler_zi        c_w.l(__scatter_zi.o)
    0x08000220   0x08000220   0x00000000   Code   RO          326    .ARM.Collect$$_printf_percent$$00000000  c_w.l(_printf_percent.o)
    0x08000220   0x08000220   0x00000006   Code   RO          325    .ARM.Collect$$_printf_percent$$00000003  c_w.l(_printf_f.o)
    0x08000226   0x08000226   0x00000006   Code   RO          324    .ARM.Collect$$_printf_percent$$0000000A  c_w.l(_printf_u.o)
    0x0800022c   0x0800022c   0x00000006   Code   RO          323    .ARM.Collect$$_printf_percent$$0000000C  c_w.l(_printf_x.o)
    0x08000232   0x08000232   0x00000004   Code   RO          388    .ARM.Collect$$_printf_percent$$00000017  c_w.l(_printf_percent_end.o)
    0x08000236   0x08000236   0x00000002   Code   RO          527    .ARM.Collect$$libinit$$00000000  c_w.l(libinit.o)
    0x08000238   0x08000238   0x00000004   Code   RO          528    .ARM.Collect$$libinit$$00000001  c_w.l(libinit2.o)
    0x0800023c   0x0800023c   0x00000000   Code   RO          531    .ARM.Collect$$libinit$$00000004  c_w.l(libinit2.o)
    0x0800023c   0x0800023c   0x00000000   Code   RO          534    .ARM.Collect$$libinit$$0000000A  c_w.l(libinit2.o)
    0x0800023c   0x0800023c   0x00000000   Code   RO          536    .ARM.Collect$$libinit$$0000000C  c_w.l(libinit2.o)
    0x0800023c   0x0800023c   0x00000000   Code   RO          538    .ARM.Collect$$libinit$$0000000E  c_w.l(libinit2.o)
    0x0800023c   0x0800023c   0x00000006   Code   RO          539    .ARM.Collect$$libinit$$0000000F  c_w.l(libinit2.o)
    0x08000242   0x08000242   0x00000000   Code   RO          541    .ARM.Collect$$libinit$$00000011  c_w.l(libinit2.o)
    0x08000242   0x08000242   0x00000000   Code   RO          543    .ARM.Collect$$libinit$$00000013  c_w.l(libinit2.o)
    0x08000242   0x08000242   0x00000000   Code   RO          545    .ARM.Collect$$libinit$$00000015  c_w.l(libinit2.o)
    0x08000242   0x08000242   0x0000000a   Code   RO          546    .ARM.Collect$$libinit$$00000016  c_w.l(libinit2.o)
    0x0800024c   0x0800024c   0x00000000   Code   RO          547    .ARM.Collect$$libinit$$00000017  c_w.l(libinit2.o)
    0x0800024c   0x0800024c   0x00000000   Code   RO          549    .ARM.Collect$$libinit$$00000019  c_w.l(libinit2.o)
    0x0800024c   0x0800024c   0x00000000   Code   RO          551    .ARM.Collect$$libinit$$0000001B  c_w.l(libinit2.o)
    0x0800024c   0x0800024c   0x00000000   Code   RO          553    .ARM.Collect$$libinit$$0000001D  c_w.l(libinit2.o)
    0x0800024c   0x0800024c   0x00000000   Code   RO          555    .ARM.Collect$$libinit$$0000001F  c_w.l(libinit2.o)
    0x0800024c   0x0800024c   0x00000000   Code   RO          557    .ARM.Collect$$libinit$$00000021  c_w.l(libinit2.o)
    0x0800024c   0x0800024c   0x00000000   Code   RO          559    .ARM.Collect$$libinit$$00000023  c_w.l(libinit2.o)
    0x0800024c   0x0800024c   0x00000000   Code   RO          561    .ARM.Collect$$libinit$$00000025  c_w.l(libinit2.o)
    0x0800024c   0x0800024c   0x00000000   Code   RO          565    .ARM.Collect$$libinit$$0000002C  c_w.l(libinit2.o)
    0x0800024c   0x0800024c   0x00000000   Code   RO          567    .ARM.Collect$$libinit$$0000002E  c_w.l(libinit2.o)
    0x0800024c   0x0800024c   0x00000000   Code   RO          569    .ARM.Collect$$libinit$$00000030  c_w.l(libinit2.o)
    0x0800024c   0x0800024c   0x00000000   Code   RO          571    .ARM.Collect$$libinit$$00000032  c_w.l(libinit2.o)
    0x0800024c   0x0800024c   0x00000002   Code   RO          572    .ARM.Collect$$libinit$$00000033  c_w.l(libinit2.o)
    0x0800024e   0x0800024e   0x00000002   Code   RO          627    .ARM.Collect$$libshutdown$$00000000  c_w.l(libshutdown.o)
    0x08000250   0x08000250   0x00000000   Code   RO          645    .ARM.Collect$$libshutdown$$00000002  c_w.l(libshutdown2.o)
    0x08000250   0x08000250   0x00000000   Code   RO          647    .ARM.Collect$$libshutdown$$00000004  c_w.l(libshutdown2.o)
    0x08000250   0x08000250   0x00000000   Code   RO          650    .ARM.Collect$$libshutdown$$00000007  c_w.l(libshutdown2.o)
    0x08000250   0x08000250   0x00000000   Code   RO          653    .ARM.Collect$$libshutdown$$0000000A  c_w.l(libshutdown2.o)
    0x08000250   0x08000250   0x00000000   Code   RO          655    .ARM.Collect$$libshutdown$$0000000C  c_w.l(libshutdown2.o)
    0x08000250   0x08000250   0x00000000   Code   RO          658    .ARM.Collect$$libshutdown$$0000000F  c_w.l(libshutdown2.o)
    0x08000250   0x08000250   0x00000002   Code   RO          659    .ARM.Collect$$libshutdown$$00000010  c_w.l(libshutdown2.o)
    0x08000252   0x08000252   0x00000000   Code   RO          369    .ARM.Collect$$rtentry$$00000000  c_w.l(__rtentry.o)
    0x08000252   0x08000252   0x00000000   Code   RO          433    .ARM.Collect$$rtentry$$00000002  c_w.l(__rtentry2.o)
    0x08000252   0x08000252   0x00000006   Code   RO          445    .ARM.Collect$$rtentry$$00000004  c_w.l(__rtentry4.o)
    0x08000258   0x08000258   0x00000000   Code   RO          435    .ARM.Collect$$rtentry$$00000009  c_w.l(__rtentry2.o)
    0x08000258   0x08000258   0x00000004   Code   RO          436    .ARM.Collect$$rtentry$$0000000A  c_w.l(__rtentry2.o)
    0x0800025c   0x0800025c   0x00000000   Code   RO          438    .ARM.Collect$$rtentry$$0000000C  c_w.l(__rtentry2.o)
    0x0800025c   0x0800025c   0x00000008   Code   RO          439    .ARM.Collect$$rtentry$$0000000D  c_w.l(__rtentry2.o)
    0x08000264   0x08000264   0x00000002   Code   RO          573    .ARM.Collect$$rtexit$$00000000  c_w.l(rtexit.o)
    0x08000266   0x08000266   0x00000000   Code   RO          592    .ARM.Collect$$rtexit$$00000002  c_w.l(rtexit2.o)
    0x08000266   0x08000266   0x00000004   Code   RO          593    .ARM.Collect$$rtexit$$00000003  c_w.l(rtexit2.o)
    0x0800026a   0x0800026a   0x00000006   Code   RO          594    .ARM.Collect$$rtexit$$00000004  c_w.l(rtexit2.o)
    0x08000270   0x08000270   0x00000040   Code   RO          239    .text               startup_stm32f429xx.o
    0x080002b0   0x080002b0   0x000000f0   Code   RO          266    .text               c_w.l(lludivv7m.o)
    0x080003a0   0x080003a0   0x00000018   Code   RO          272    .text               c_w.l(noretval__2printf.o)
    0x080003b8   0x080003b8   0x00000028   Code   RO          274    .text               c_w.l(noretval__2sprintf.o)
    0x080003e0   0x080003e0   0x0000004e   Code   RO          278    .text               c_w.l(_printf_pad.o)
    0x0800042e   0x0800042e   0x00000002   PAD
    0x08000430   0x08000430   0x00000078   Code   RO          280    .text               c_w.l(_printf_dec.o)
    0x080004a8   0x080004a8   0x00000058   Code   RO          285    .text               c_w.l(_printf_hex_int.o)
    0x08000500   0x08000500   0x00000138   Code   RO          315    .text               c_w.l(__printf_flags_wp.o)
    0x08000638   0x08000638   0x0000002c   Code   RO          327    .text               c_w.l(puts.o)
    0x08000664   0x08000664   0x00000006   Code   RO          329    .text               c_w.l(heapauxi.o)
    0x0800066a   0x0800066a   0x00000016   Code   RO          374    .text               c_w.l(_rserrno.o)
    0x08000680   0x08000680   0x000000b2   Code   RO          376    .text               c_w.l(_printf_intcommon.o)
    0x08000732   0x08000732   0x0000041c   Code   RO          378    .text               c_w.l(_printf_fp_dec.o)
    0x08000b4e   0x08000b4e   0x00000002   PAD
    0x08000b50   0x08000b50   0x00000030   Code   RO          382    .text               c_w.l(_printf_char_common.o)
    0x08000b80   0x08000b80   0x0000000a   Code   RO          384    .text               c_w.l(_sputc.o)
    0x08000b8a   0x08000b8a   0x00000002   PAD
    0x08000b8c   0x08000b8c   0x00000024   Code   RO          386    .text               c_w.l(_printf_char_file.o)
    0x08000bb0   0x08000bb0   0x00000008   Code   RO          452    .text               c_w.l(rt_locale_intlibspace.o)
    0x08000bb8   0x08000bb8   0x00000008   Code   RO          457    .text               c_w.l(rt_errno_addr_intlibspace.o)
    0x08000bc0   0x08000bc0   0x0000008a   Code   RO          459    .text               c_w.l(lludiv10.o)
    0x08000c4a   0x08000c4a   0x00000002   PAD
    0x08000c4c   0x08000c4c   0x00000080   Code   RO          461    .text               c_w.l(_printf_fp_infnan.o)
    0x08000ccc   0x08000ccc   0x000000e4   Code   RO          465    .text               c_w.l(bigflt0.o)
    0x08000db0   0x08000db0   0x00000008   Code   RO          492    .text               c_w.l(ferror.o)
    0x08000db8   0x08000db8   0x00000008   Code   RO          507    .text               c_w.l(libspace.o)
    0x08000dc0   0x08000dc0   0x0000004a   Code   RO          510    .text               c_w.l(sys_stackheap_outer.o)
    0x08000e0a   0x08000e0a   0x00000012   Code   RO          514    .text               c_w.l(exit.o)
    0x08000e1c   0x08000e1c   0x00000004   PAD
    0x08000e20   0x08000e20   0x0000007c   Code   RO          520    .text               c_w.l(strcmpv7em.o)
    0x08000e9c   0x08000e9c   0x0000000c   Code   RO          587    .text               c_w.l(sys_exit.o)
    0x08000ea8   0x08000ea8   0x00000002   Code   RO          614    .text               c_w.l(use_no_semi.o)
    0x08000eaa   0x08000eaa   0x00000000   Code   RO          616    .text               c_w.l(indicate_semi.o)
    0x08000eaa   0x08000eaa   0x00000002   PAD
    0x08000eac   0x08000eac   0x0000000e   Code   RO           61    .text.FIFO          usbd_driver.o
    0x08000eba   0x08000eba   0x00000002   PAD
    0x08000ebc   0x08000ebc   0x000000ac   Code   RO          207    .text.I2C3_Init     i2c.o
    0x08000f68   0x08000f68   0x0000000e   Code   RO           55    .text.IN_ENDPOINT   usbd_driver.o
    0x08000f76   0x08000f76   0x00000002   PAD
    0x08000f78   0x08000f78   0x0000002c   Code   RO           15    .text.ITM_SendChar  helperv2.o
    0x08000fa4   0x08000fa4   0x00000004   PAD
    0x08000fa8   0x08000fa8   0x00000060   Code   RO          142    .text.MPU9250_accelGet  mpu9250.o
    0x08001008   0x08001008   0x0000004a   Code   RO          140    .text.MPU9250_accelUpdate  mpu9250.o
    0x08001052   0x08001052   0x00000002   PAD
    0x08001054   0x08001054   0x0000000c   Code   RO          146    .text.MPU9250_accelX  mpu9250.o
    0x08001060   0x08001060   0x0000000c   Code   RO          148    .text.MPU9250_accelY  mpu9250.o
    0x0800106c   0x0800106c   0x0000000c   Code   RO          150    .text.MPU9250_accelZ  mpu9250.o
    0x08001078   0x08001078   0x00000038   Code   RO          136    .text.MPU9250_beginAccel  mpu9250.o
    0x080010b0   0x080010b0   0x0000000e   Code   RO           69    .text.OUT_ENDPOINT  usbd_driver.o
    0x080010be   0x080010be   0x00000002   PAD
    0x080010c0   0x080010c0   0x00000040   Code   RO          227    .text.SysTick_Handler  blinking.o
    0x08001100   0x08001100   0x0000007e   Code   RO          250    .text.SystemCoreClockUpdate  system_stm32f4xx.o
    0x0800117e   0x0800117e   0x00000002   PAD
    0x08001180   0x08001180   0x00000024   Code   RO          248    .text.SystemInit    system_stm32f4xx.o
    0x080011a4   0x080011a4   0x00000044   Code   RO          225    .text.blink_init    blinking.o
    0x080011e8   0x080011e8   0x00000078   Code   RO          252    .text.configure_clock  system_stm32f4xx.o
    0x08001260   0x08001260   0x0000004c   Code   RO           73    .text.configure_endpoint0  usbd_driver.o
    0x080012ac   0x080012ac   0x00000054   Code   RO           39    .text.configure_in_endpoint  usbd_driver.o
    0x08001300   0x08001300   0x00000038   Code   RO          246    .text.configure_mco1  system_stm32f4xx.o
    0x08001338   0x08001338   0x00000018   Code   RO           75    .text.configure_rxfifo_size  usbd_driver.o
    0x08001350   0x08001350   0x00000034   Code   RO           57    .text.configure_txfifo_size  usbd_driver.o
    0x08001384   0x08001384   0x00000020   Code   RO           49    .text.connect       usbd_driver.o
    0x080013a4   0x080013a4   0x00000078   Code   RO           67    .text.deconfigure_endpoint  usbd_driver.o
    0x0800141c   0x0800141c   0x00000020   Code   RO           51    .text.disconnect    usbd_driver.o
    0x0800143c   0x0800143c   0x00000034   Code   RO           71    .text.enumdne_handler  usbd_driver.o
    0x08001470   0x08001470   0x00000010   Code   RO           53    .text.flush_rxfifo  usbd_driver.o
    0x08001480   0x08001480   0x00000018   Code   RO           37    .text.flush_txfifo  usbd_driver.o
    0x08001498   0x08001498   0x0000000c   Code   RO           13    .text.fputc         helperv2.o
    0x080014a4   0x080014a4   0x00000070   Code   RO           63    .text.gintsts_handler  usbd_driver.o
    0x08001514   0x08001514   0x000000ac   Code   RO          209    .text.i2c_readByte  i2c.o
    0x080015c0   0x080015c0   0x00000070   Code   RO          211    .text.i2c_writeByte  i2c.o
    0x08001630   0x08001630   0x00000046   Code   RO           79    .text.iepint_handler  usbd_driver.o
    0x08001676   0x08001676   0x00000002   PAD
    0x08001678   0x08001678   0x00000070   Code   RO          100    .text.in_transfer_completed_handler  usbd_framework.o
    0x080016e8   0x080016e8   0x00000076   Code   RO           45    .text.initialize_core  usbd_driver.o
    0x0800175e   0x0800175e   0x00000002   PAD
    0x08001760   0x08001760   0x0000002e   Code   RO           47    .text.initialize_gpio_pins  usbd_driver.o
    0x0800178e   0x0800178e   0x00000002   PAD
    0x08001790   0x08001790   0x00000028   Code   RO           21    .text.log_debug     helperv2.o
    0x080017b8   0x080017b8   0x0000006c   Code   RO           23    .text.log_debug_array  helperv2.o
    0x08001824   0x08001824   0x00000028   Code   RO           19    .text.log_info      helperv2.o
    0x0800184c   0x0800184c   0x00000050   Code   RO            2    .text.main          main.o
    0x0800189c   0x0800189c   0x0000004c   Code   RO           81    .text.oepint_handler  usbd_driver.o
    0x080018e8   0x080018e8   0x00000002   Code   RO          102    .text.out_transfer_completed_handler  usbd_framework.o
    0x080018ea   0x080018ea   0x00000002   PAD
    0x080018ec   0x080018ec   0x0000002a   Code   RO          110    .text.process_class_interface_request  usbd_framework.o
    0x08001916   0x08001916   0x00000002   PAD
    0x08001918   0x08001918   0x00000144   Code   RO          118    .text.process_control_transfer_stage  usbd_framework.o
    0x08001a5c   0x08001a5c   0x00000034   Code   RO          106    .text.process_request  usbd_framework.o
    0x08001a90   0x08001a90   0x00000170   Code   RO          108    .text.process_standard_device_request  usbd_framework.o
    0x08001c00   0x08001c00   0x0000003e   Code   RO          112    .text.process_standard_interface_request  usbd_framework.o
    0x08001c3e   0x08001c3e   0x00000002   PAD
    0x08001c40   0x08001c40   0x00000040   Code   RO           41    .text.read_packet   usbd_driver.o
    0x08001c80   0x08001c80   0x00000058   Code   RO           59    .text.refresh_fifo_start_addresses  usbd_driver.o
    0x08001cd8   0x08001cd8   0x00000040   Code   RO           77    .text.rxflvl_handler  usbd_driver.o
    0x08001d18   0x08001d18   0x00000012   Code   RO           35    .text.set_device_address  usbd_driver.o
    0x08001d2a   0x08001d2a   0x00000002   PAD
    0x08001d2c   0x08001d2c   0x00000040   Code   RO           98    .text.setup_data_received_handler  usbd_framework.o
    0x08001d6c   0x08001d6c   0x00000008   Code   RO          116    .text.usb_polled_handler  usbd_framework.o
    0x08001d74   0x08001d74   0x00000024   Code   RO          104    .text.usb_reset_received_handler  usbd_framework.o
    0x08001d98   0x08001d98   0x00000020   Code   RO           96    .text.usbd_configure  usbd_framework.o
    0x08001db8   0x08001db8   0x00000022   Code   RO           92    .text.usbd_initialize  usbd_framework.o
    0x08001dda   0x08001dda   0x00000002   PAD
    0x08001ddc   0x08001ddc   0x00000010   Code   RO           94    .text.usbd_poll     usbd_framework.o
    0x08001dec   0x08001dec   0x0000004c   Code   RO           65    .text.usbrst_handler  usbd_driver.o
    0x08001e38   0x08001e38   0x00000188   Code   RO          114    .text.write_mouse_report  usbd_framework.o
    0x08001fc0   0x08001fc0   0x00000054   Code   RO           43    .text.write_packet  usbd_driver.o
    0x08002014   0x08002014   0x0000003e   Code   RO          468    CL$$btod_d2e        c_w.l(btod.o)
    0x08002052   0x08002052   0x00000046   Code   RO          470    CL$$btod_d2e_denorm_low  c_w.l(btod.o)
    0x08002098   0x08002098   0x00000060   Code   RO          469    CL$$btod_d2e_norm_op1  c_w.l(btod.o)
    0x080020f8   0x080020f8   0x00000338   Code   RO          478    CL$$btod_div_common  c_w.l(btod.o)
    0x08002430   0x08002430   0x000000dc   Code   RO          475    CL$$btod_e2e        c_w.l(btod.o)
    0x0800250c   0x0800250c   0x0000002a   Code   RO          472    CL$$btod_ediv       c_w.l(btod.o)
    0x08002536   0x08002536   0x0000002a   Code   RO          471    CL$$btod_emul       c_w.l(btod.o)
    0x08002560   0x08002560   0x00000244   Code   RO          477    CL$$btod_mult_common  c_w.l(btod.o)
    0x080027a4   0x080027a4   0x00000030   Code   RO          503    i.__ARM_fpclassify  m_wm.l(fpclassify.o)
    0x080027d4   0x080027d4   0x00000004   PAD
    0x080027d8   0x080027d8   0x000002d8   Code   RO          404    i.__hardfp_atan     m_wm.l(atan.o)
    0x08002ab0   0x08002ab0   0x00000200   Code   RO          357    i.__hardfp_atan2    m_wm.l(atan2.o)
    0x08002cb0   0x08002cb0   0x0000007a   Code   RO          363    i.__hardfp_sqrt     m_wm.l(sqrt.o)
    0x08002d2a   0x08002d2a   0x000000f8   Code   RO          505    i.__kernel_poly     m_wm.l(poly.o)
    0x08002e22   0x08002e22   0x00000014   Code   RO          412    i.__mathlib_dbl_infnan  m_wm.l(dunder.o)
    0x08002e36   0x08002e36   0x00000014   Code   RO          413    i.__mathlib_dbl_infnan2  m_wm.l(dunder.o)
    0x08002e4a   0x08002e4a   0x00000006   PAD
    0x08002e50   0x08002e50   0x00000020   Code   RO          417    i.__mathlib_dbl_underflow  m_wm.l(dunder.o)
    0x08002e70   0x08002e70   0x0000000e   Code   RO          313    i._is_digit         c_w.l(__printf_wp.o)
    0x08002e7e   0x08002e7e   0x00000010   Code   RO          406    i.atan              m_wm.l(atan.o)
    0x08002e8e   0x08002e8e   0x00000018   Code   RO          427    i.fabs              m_wm.l(fabs.o)
    0x08002ea6   0x08002ea6   0x00000002   PAD
    0x08002ea8   0x08002ea8   0x0000002c   Code   RO          497    locale$$code        c_w.l(lc_numeric_c.o)
    0x08002ed4   0x08002ed4   0x00000018   Code   RO          389    x$fpl$basic         fz_wm.l(basic.o)
    0x08002eec   0x08002eec   0x00000062   Code   RO          333    x$fpl$d2f           fz_wm.l(d2f.o)
    0x08002f4e   0x08002f4e   0x00000002   PAD
    0x08002f50   0x08002f50   0x00000150   Code   RO          335    x$fpl$dadd          fz_wm.l(daddsub_clz.o)
    0x080030a0   0x080030a0   0x00000018   Code   RO          499    x$fpl$dcmpinf       fz_wm.l(dcmpi.o)
    0x080030b8   0x080030b8   0x000002b4   Code   RO          342    x$fpl$ddiv          fz_wm.l(ddiv.o)
    0x0800336c   0x0800336c   0x00000078   Code   RO          391    x$fpl$deqf          fz_wm.l(deqf.o)
    0x080033e4   0x080033e4   0x00000154   Code   RO          351    x$fpl$dmul          fz_wm.l(dmul.o)
    0x08003538   0x08003538   0x0000009c   Code   RO          393    x$fpl$dnaninf       fz_wm.l(dnaninf.o)
    0x080035d4   0x080035d4   0x0000000c   Code   RO          395    x$fpl$dretinf       fz_wm.l(dretinf.o)
    0x080035e0   0x080035e0   0x00000016   Code   RO          336    x$fpl$drsb          fz_wm.l(daddsub_clz.o)
    0x080035f6   0x080035f6   0x00000002   PAD
    0x080035f8   0x080035f8   0x00000198   Code   RO          397    x$fpl$dsqrt         fz_wm.l(dsqrt_umaal.o)
    0x08003790   0x08003790   0x000001dc   Code   RO          337    x$fpl$dsub          fz_wm.l(daddsub_clz.o)
    0x0800396c   0x0800396c   0x00000056   Code   RO          353    x$fpl$f2d           fz_wm.l(f2d.o)
    0x080039c2   0x080039c2   0x0000008c   Code   RO          399    x$fpl$fnaninf       fz_wm.l(fnaninf.o)
    0x08003a4e   0x08003a4e   0x0000001a   Code   RO          585    x$fpl$fpinit        fz_wm.l(fpinit.o)
    0x08003a68   0x08003a68   0x0000000a   Code   RO          401    x$fpl$fretinf       fz_wm.l(fretinf.o)
    0x08003a72   0x08003a72   0x00000004   Code   RO          355    x$fpl$printf1       fz_wm.l(printf1.o)
    0x08003a76   0x08003a76   0x00000000   Code   RO          403    x$fpl$usenofp       fz_wm.l(usenofp.o)
    0x08003a76   0x08003a76   0x00000028   Data   RO          286    .constdata          c_w.l(_printf_hex_int.o)
    0x08003a9e   0x08003a9e   0x00000011   Data   RO          316    .constdata          c_w.l(__printf_flags_wp.o)
    0x08003aaf   0x08003aaf   0x00000001   PAD
    0x08003ab0   0x08003ab0   0x00000098   Data   RO          407    .constdata          m_wm.l(atan.o)
    0x08003b48   0x08003b48   0x00000008   Data   RO          431    .constdata          m_wm.l(qnan.o)
    0x08003b50   0x08003b50   0x00000094   Data   RO          466    .constdata          c_w.l(bigflt0.o)
    0x08003be4   0x08003be4   0x00000010   Data   RO          255    .rodata.AHBPrescTable  system_stm32f4xx.o
    0x08003bf4   0x08003bf4   0x00000024   Data   RO          122    .rodata.configuration_descriptor_combination  usbd_framework.o
    0x08003c18   0x08003c18   0x00000040   Data   RO          198    .rodata.cst32       mpu9250.o
    0x08003c58   0x08003c58   0x00000012   Data   RO          120    .rodata.device_descriptor  usbd_framework.o
    0x08003c6a   0x08003c6a   0x00000030   Data   RO          121    .rodata.hid_report_descriptor  usbd_framework.o
    0x08003c9a   0x08003c9a   0x0000013a   Data   RO          127    .rodata.str1.1      usbd_framework.o
    0x08003dd4   0x08003dd4   0x0000002c   Data   RO           83    .rodata.usb_driver  usbd_driver.o
    0x08003e00   0x08003e00   0x00000020   Data   RO          661    Region$$Table       anon$$obj.o
    0x08003e20   0x08003e20   0x0000001c   Data   RO          496    locale$$data        c_w.l(lc_numeric_c.o)


    Execution Region RW_IRAM1 (Exec base: 0x20000000, Load base: 0x08003e40, Size: 0x00000730, Max: 0x00030000, ABSOLUTE)

    Exec Addr    Load Addr    Size         Type   Attr      Idx    E Section Name        Object

    0x20000000   0x08003e40   0x00000004   Data   RW          254    .data.SystemCoreClock  system_stm32f4xx.o
    0x20000004   0x08003e44   0x00000018   Data   RW          124    .data.usb_events    usbd_framework.o
    0x2000001c   0x08003e5c   0x00000004   PAD
    0x20000020        -       0x00000060   Zero   RW          508    .bss                c_w.l(libspace.o)
    0x20000080        -       0x00000054   Zero   RW           25    .bss.__stdout       helperv2.o
    0x200000d4        -       0x00000006   Zero   RW          188    .bss.accelBuf       mpu9250.o
    0x200000da   0x08003e5c   0x00000006   PAD
    0x200000e0        -       0x00000008   Zero   RW          186    .bss.accelRange     mpu9250.o
    0x200000e8        -       0x00000020   Zero   RW            4    .bss.buffer         main.o
    0x20000108        -       0x00000004   Zero   RW          126    .bss.pitch          usbd_framework.o
    0x2000010c        -       0x00000004   Zero   RW          125    .bss.roll           usbd_framework.o
    0x20000110        -       0x00000014   Zero   RW            5    .bss.usb_device     main.o
    0x20000124        -       0x00000004   Zero   RW          123    .bss.usbd_handle    usbd_framework.o
    0x20000128        -       0x00000008   Zero   RW          229    .bss.x              blinking.o
    0x20000130        -       0x00000200   Zero   RW          237    HEAP                startup_stm32f429xx.o
    0x20000330        -       0x00000400   Zero   RW          236    STACK               startup_stm32f429xx.o


==============================================================================

Image component sizes


      Code (inc. data)   RO Data    RW Data    ZI Data      Debug   Object Name

       132          0          0          0          8       2089   blinking.o
       244         68          0          0         84       3109   helperv2.o
       456          0          0          0          0       3514   i2c.o
        80         24          0          0         52       1425   main.o
       262          8         64          0         14       4655   mpu9250.o
        64         26        428          0       1536        876   startup_stm32f429xx.o
       338          0         16          4          0       3404   system_stm32f4xx.o
      1370         68         44          0          0       8281   usbd_driver.o
      1544        364        416         24         12       6854   usbd_framework.o

    ----------------------------------------------------------------------
      4520        558       1000         28       1716      34207   Object Totals
         0          0         32          0          0          0   (incl. Generated)
        30          0          0          0         10          0   (incl. Padding)

    ----------------------------------------------------------------------

      Code (inc. data)   RO Data    RW Data    ZI Data      Debug   Library Member Name

         8          0          0          0          0         68   __main.o
       312          4         17          0          0         92   __printf_flags_wp.o
        14          0          0          0          0         68   __printf_wp.o
         0          0          0          0          0          0   __rtentry.o
        12          0          0          0          0          0   __rtentry2.o
         6          0          0          0          0          0   __rtentry4.o
        52          8          0          0          0          0   __scatter.o
        26          0          0          0          0          0   __scatter_copy.o
        28          0          0          0          0          0   __scatter_zi.o
        48          6          0          0          0         96   _printf_char_common.o
        36          4          0          0          0         80   _printf_char_file.o
       120         16          0          0          0         92   _printf_dec.o
         6          0          0          0          0          0   _printf_f.o
      1052          0          0          0          0        148   _printf_fp_dec.o
       128         16          0          0          0         84   _printf_fp_infnan.o
        88          4         40          0          0         88   _printf_hex_int.o
       178          0          0          0          0         88   _printf_intcommon.o
        78          0          0          0          0        108   _printf_pad.o
         0          0          0          0          0          0   _printf_percent.o
         4          0          0          0          0          0   _printf_percent_end.o
         6          0          0          0          0          0   _printf_u.o
         6          0          0          0          0          0   _printf_x.o
        22          0          0          0          0        100   _rserrno.o
        10          0          0          0          0         68   _sputc.o
       228          4        148          0          0         96   bigflt0.o
      1936        128          0          0          0        668   btod.o
        18          0          0          0          0         80   exit.o
         8          0          0          0          0         68   ferror.o
         6          0          0          0          0        152   heapauxi.o
         0          0          0          0          0          0   indicate_semi.o
        44         10         28          0          0         76   lc_numeric_c.o
         2          0          0          0          0          0   libinit.o
        22          0          0          0          0          0   libinit2.o
         2          0          0          0          0          0   libshutdown.o
         2          0          0          0          0          0   libshutdown2.o
         8          4          0          0         96         68   libspace.o
       138          0          0          0          0         80   lludiv10.o
       240          0          0          0          0        100   lludivv7m.o
        24          4          0          0          0         84   noretval__2printf.o
        40          6          0          0          0         84   noretval__2sprintf.o
        44          4          0          0          0         84   puts.o
         8          4          0          0          0         68   rt_errno_addr_intlibspace.o
         8          4          0          0          0         68   rt_locale_intlibspace.o
         2          0          0          0          0          0   rtexit.o
        10          0          0          0          0          0   rtexit2.o
       124          0          0          0          0         88   strcmpv7em.o
        12          4          0          0          0         68   sys_exit.o
        74          0          0          0          0         80   sys_stackheap_outer.o
         2          0          0          0          0         68   use_no_semi.o
        24          0          0          0          0        164   basic.o
        98          4          0          0          0        140   d2f.o
       834         16          0          0          0        516   daddsub_clz.o
        24          0          0          0          0        116   dcmpi.o
       692        140          0          0          0        264   ddiv.o
       120          4          0          0          0        140   deqf.o
       340         12          0          0          0        152   dmul.o
       156          4          0          0          0        140   dnaninf.o
        12          0          0          0          0        116   dretinf.o
       408         56          0          0          0        168   dsqrt_umaal.o
        86          4          0          0          0        132   f2d.o
       140          4          0          0          0        132   fnaninf.o
        26          0          0          0          0        116   fpinit.o
        10          0          0          0          0        116   fretinf.o
         4          0          0          0          0        116   printf1.o
         0          0          0          0          0          0   usenofp.o
       744        106        152          0          0        352   atan.o
       512         64          0          0          0        208   atan2.o
        72          8          0          0          0        372   dunder.o
        24          0          0          0          0        124   fabs.o
        48          0          0          0          0        124   fpclassify.o
       248          0          0          0          0        152   poly.o
         0          0          8          0          0          0   qnan.o
       122          0          0          0          0        148   sqrt.o

    ----------------------------------------------------------------------
     10018        652        394          0         96       7268   Library Totals
        32          0          1          0          0          0   (incl. Padding)

    ----------------------------------------------------------------------

      Code (inc. data)   RO Data    RW Data    ZI Data      Debug   Library Name

      5242        230        233          0         96       3260   c_w.l
      2974        244          0          0          0       2528   fz_wm.l
      1770        178        160          0          0       1480   m_wm.l

    ----------------------------------------------------------------------
     10018        652        394          0         96       7268   Library Totals

    ----------------------------------------------------------------------

==============================================================================


      Code (inc. data)   RO Data    RW Data    ZI Data      Debug   

     14538       1210       1394         28       1812      37095   Grand Totals
     14538       1210       1394         28       1812      37095   ELF Image Totals
     14538       1210       1394         28          0          0   ROM Totals

==============================================================================

    Total RO  Size (Code + RO Data)                15932 (  15.56kB)
    Total RW  Size (RW Data + ZI Data)              1840 (   1.80kB)
    Total ROM Size (Code + RO Data + RW Data)      15960 (  15.59kB)

==============================================================================

